AREA .  .ABS.
	RADIX HEX
	BASE 0000
	SIZE 0000
	ATTRIB ABS OVR
	GLOBALS
		l__HEAP	0000
		l__BSEG	0000
		l_.  .ABS.	0000
		l__GSFINAL	0000
		l__ISEG	0000
		s_.  .ABS.	0000
		s__HEADER	0000
		l__XSEG	0000
		.init	0000
		l__OVERLAY	0000
		l__LIT	0000
		l__GSINITTAIL	0001
		l__BSS	005E
		l__GSINIT	01A1
		l__BASE	01A7
		l__DATA	01BA
		l__HOME	01D3
		l__HEADER	01E1
		s__CODE	0200
		l__CODE	1534
		s__HOME	1734
		s__BASE	1907
		s__LIT	1AAE
		s__GSINIT	1AAE
		s__GSINITTAIL	1C4F
		s__GSFINAL	1C50
		.OAM	C000
		s__DATA	C0A0
		s__BSS	C25A
		s__HEAP	C2B8
		s__BSEG	C2B8
		s__ISEG	C2B8
		s__XSEG	C2B8
		s__OVERLAY	C2B8
		.STACK	E000
		.refresh_OAM	FF80
AREA _CODE
	RADIX HEX
	BASE 0200
	SIZE 1534
	ATTRIB REL CON
	GLOBALS
		_pipe_setup	0200
		_bkg_data	02CA
		_bkg_map	0E6A
		_pipe_move	10AA
		_pipe_scroll	13B5
		_bird_setup	13EA
		_bird_state	141F
		_bird_scroll	14AC
		_pDelay	14D1
		_main	14E5
		_rand	1607
		_randw	1607
		__divschar_rrx_s	1632
		__divschar_rrx_hds	1639
		__modschar_rrx_s	1640
		__modschar_rrx_hds	1647
		__divsint_rrx_s	164C
		__divsint_rrx_hds	1658
		__modsint_rrx_s	1660
		__modsint_rrx_hds	166C
		__divuchar_rrx_s	1672
		__divuchar_rrx_hds	1679
		__moduchar_rrx_s	1680
		__moduchar_rrx_hds	1687
		__divuint_rrx_s	168C
		__divuint_rrx_hds	1698
		__moduint_rrx_s	16A0
		__moduint_rrx_hds	16AC
		.mod8	16B2
		.div8	16B2
		.mod16	16BA
		.div16	16BA
		.modu8	16F4
		.divu8	16F4
		.modu16	16F7
		.divu16	16F7
AREA _HEADER
	RADIX HEX
	BASE 0000
	SIZE 01E1
	ATTRIB ABS OVR
	GLOBALS
		_exit	01D2
AREA _HOME
	RADIX HEX
	BASE 1734
	SIZE 01D3
	ATTRIB REL CON
	GLOBALS
		.set_mode	1734
		.remove_VBL	1744
		.remove_LCD	174A
		.remove_TIM	1750
		.remove_SIO	1756
		.remove_JOY	175C
		.add_VBL	1762
		.add_LCD	1768
		.add_TIM	176E
		.add_SIO	1774
		.add_JOY	177A
		.remove_int	1780
		.add_int	17A0
		.wait_vbl_done	17BC
		_wait_vbl_done	17BC
		_display_off	17D3
		.display_off	17D3
		.serial_IO	17F4
		_mode	1823
		_get_mode	182C
		_enable_interrupts	1831
		_disable_interrupts	1833
		_reset	1835
		.reset	1835
		_set_interrupts	183B
		_remove_VBL	1846
		_remove_LCD	1851
		_remove_TIM	185C
		_remove_SIO	1867
		_remove_JOY	1872
		_add_VBL	187D
		_add_LCD	1888
		_add_TIM	1893
		_add_SIO	189E
		_add_JOY	18A9
		_clock	18B4
		__printTStates	18BD
		banked_call	18BE
		banked_ret	18D7
		__initrleblock	18E0
AREA _BASE
	RADIX HEX
	BASE 1907
	SIZE 01A7
	ATTRIB REL CON
	GLOBALS
		.set_sprite_prop	1907
		_set_sprite_prop	1914
		_scroll_bkg	191F
		_initrand	1935
		.initrand	1937
		.mv_sprite	1940
		_move_sprite	194F
		_set_win_data	195C
		_set_bkg_data	195C
		_set_sprite_data	19A9
		.scroll_sprite	19D8
		_scroll_sprite	19E9
		.set_sprite_tile	19F6
		_set_sprite_tile	1A03
		.copy_vram	1A0E
		_get_data	1A1D
		_set_data	1A1D
		_set_bkg_tiles	1A30
		.set_xy_wtt	1A44
		.set_xy_btt	1A55
		.set_xy_tt	1A64
		_set_tiles	1A95
AREA _LIT
	RADIX HEX
	BASE 1AAE
	SIZE 0000
	ATTRIB REL CON
AREA _GSINIT
	RADIX HEX
	BASE 1AAE
	SIZE 01A1
	ATTRIB REL CON
	GLOBALS
		gsinit	1AAE
AREA _GSINITTAIL
	RADIX HEX
	BASE 1C4F
	SIZE 0001
	ATTRIB REL CON
AREA _GSFINAL
	RADIX HEX
	BASE 1C50
	SIZE 0000
	ATTRIB REL CON
AREA _DATA
	RADIX HEX
	BASE C0A0
	SIZE 01BA
	ATTRIB REL CON
	GLOBALS
		_Sprites	C0A0
		_pipe_sprites	C240
AREA _BSS
	RADIX HEX
	BASE C25A
	SIZE 005E
	ATTRIB REL CON
	GLOBALS
		__cpu	C25A
		.mode	C25B
		__io_out	C25C
		__io_in	C25D
		__io_status	C25E
		.vbl_done	C25F
		__current_bank	C260
		_sys_time	C261
		.sys_time	C261
		.int_0x40	C263
		.int_0x48	C273
		.int_0x50	C283
		.int_0x58	C293
		.int_0x60	C2A3
		.randhi	C2B3
		.randlo	C2B4
AREA _HEAP
	RADIX HEX
	BASE C2B8
	SIZE 0000
	ATTRIB REL CON
	GLOBALS
		_malloc_heap_start	C2B8
AREA _OVERLAY
	RADIX HEX
	BASE C2B8
	SIZE 0000
	ATTRIB REL CON
AREA _ISEG
	RADIX HEX
	BASE C2B8
	SIZE 0000
	ATTRIB REL CON
AREA _BSEG
	RADIX HEX
	BASE C2B8
	SIZE 0000
	ATTRIB REL CON
AREA _XSEG
	RADIX HEX
	BASE C2B8
	SIZE 0000
	ATTRIB REL CON
MODULES
	FILE /opt/gbdk/lib/small/asxxxx/gb/crt0.o
		NAME Runtime
	FILE main.o
		NAME lcc335060
LIBRARIES
	LIBRARY /opt/gbdk/lib/small/asxxxx/gbz80/gbz80.lib
		MODULE crt0_rle.o
	LIBRARY /opt/gbdk/lib/small/asxxxx/gb/gb.lib
		MODULE set_prop.o
	LIBRARY /opt/gbdk/lib/small/asxxxx/gb/gb.lib
		MODULE scroll_b.o
	LIBRARY /opt/gbdk/lib/small/asxxxx/gb/gb.lib
		MODULE rand.o
	LIBRARY /opt/gbdk/lib/small/asxxxx/gb/gb.lib
		MODULE mv_spr.o
	LIBRARY /opt/gbdk/lib/small/asxxxx/gb/gb.lib
		MODULE set_data.o
	LIBRARY /opt/gbdk/lib/small/asxxxx/gbz80/gbz80.lib
		MODULE div.o
	LIBRARY /opt/gbdk/lib/small/asxxxx/gb/gb.lib
		MODULE scroll_s.o
	LIBRARY /opt/gbdk/lib/small/asxxxx/gb/gb.lib
		MODULE set_spr.o
	LIBRARY /opt/gbdk/lib/small/asxxxx/gb/gb.lib
		MODULE cpy_data.o
	LIBRARY /opt/gbdk/lib/small/asxxxx/gb/gb.lib
		MODULE set_bk_t.o
	LIBRARY /opt/gbdk/lib/small/asxxxx/gb/gb.lib
		MODULE set_xy_t.o
USERBASEDEF
	_CODE=0x0200
	_DATA=0xC0A0
	_CODE_1=0x4000
USERGLOBALDEF
	.OAM=0xC000
	.STACK=0xE000
	.refresh_OAM=0xFF80
	.init=0x0000
