AREA .  .ABS.
	RADIX HEX
	BASE 0000
	SIZE 0000
	ATTRIB ABS OVR
	GLOBALS
		l__HEAP	0000
		l__BSEG	0000
		l_.  .ABS.	0000
		l__GSFINAL	0000
		l__ISEG	0000
		s_.  .ABS.	0000
		s__HEADER	0000
		l__XSEG	0000
		.init	0000
		l__OVERLAY	0000
		l__LIT	0000
		l__GSINITTAIL	0001
		l__BSS	005E
		l__BASE	0113
		l__GSINIT	01A1
		l__DATA	01C6
		l__HOME	01D3
		l__HEADER	01E1
		s__CODE	0200
		l__CODE	05D9
		s__HOME	07D9
		s__BASE	09AC
		s__LIT	0ABF
		s__GSINIT	0ABF
		s__GSINITTAIL	0C60
		s__GSFINAL	0C61
		.OAM	C000
		s__DATA	C0A0
		s__BSS	C266
		s__HEAP	C2C4
		s__BSEG	C2C4
		s__ISEG	C2C4
		s__XSEG	C2C4
		s__OVERLAY	C2C4
		.STACK	E000
		.refresh_OAM	FF80
AREA _CODE
	RADIX HEX
	BASE 0200
	SIZE 05D9
	ATTRIB REL CON
	GLOBALS
		_pipe_setup	0200
		_pipe_move	02CA
		_pipe_scroll	05D5
		_bird_setup	060A
		_bird_move	060B
		_pDelay	060C
		_main	0620
		_rand	06AC
		_randw	06AC
		__divschar_rrx_s	06D7
		__divschar_rrx_hds	06DE
		__modschar_rrx_s	06E5
		__modschar_rrx_hds	06EC
		__divsint_rrx_s	06F1
		__divsint_rrx_hds	06FD
		__modsint_rrx_s	0705
		__modsint_rrx_hds	0711
		__divuchar_rrx_s	0717
		__divuchar_rrx_hds	071E
		__moduchar_rrx_s	0725
		__moduchar_rrx_hds	072C
		__divuint_rrx_s	0731
		__divuint_rrx_hds	073D
		__moduint_rrx_s	0745
		__moduint_rrx_hds	0751
		.mod8	0757
		.div8	0757
		.mod16	075F
		.div16	075F
		.modu8	0799
		.divu8	0799
		.modu16	079C
		.divu16	079C
AREA _HEADER
	RADIX HEX
	BASE 0000
	SIZE 01E1
	ATTRIB ABS OVR
	GLOBALS
		_exit	01D2
AREA _HOME
	RADIX HEX
	BASE 07D9
	SIZE 01D3
	ATTRIB REL CON
	GLOBALS
		.set_mode	07D9
		.remove_VBL	07E9
		.remove_LCD	07EF
		.remove_TIM	07F5
		.remove_SIO	07FB
		.remove_JOY	0801
		.add_VBL	0807
		.add_LCD	080D
		.add_TIM	0813
		.add_SIO	0819
		.add_JOY	081F
		.remove_int	0825
		.add_int	0845
		.wait_vbl_done	0861
		_wait_vbl_done	0861
		_display_off	0878
		.display_off	0878
		.serial_IO	0899
		_mode	08C8
		_get_mode	08D1
		_enable_interrupts	08D6
		_disable_interrupts	08D8
		_reset	08DA
		.reset	08DA
		_set_interrupts	08E0
		_remove_VBL	08EB
		_remove_LCD	08F6
		_remove_TIM	0901
		_remove_SIO	090C
		_remove_JOY	0917
		_add_VBL	0922
		_add_LCD	092D
		_add_TIM	0938
		_add_SIO	0943
		_add_JOY	094E
		_clock	0959
		__printTStates	0962
		banked_call	0963
		banked_ret	097C
		__initrleblock	0985
AREA _BASE
	RADIX HEX
	BASE 09AC
	SIZE 0113
	ATTRIB REL CON
	GLOBALS
		.set_sprite_prop	09AC
		_set_sprite_prop	09B9
		_initrand	09C4
		.initrand	09C6
		.mv_sprite	09CF
		_move_sprite	09DE
		_set_win_data	09EB
		_set_bkg_data	09EB
		_set_sprite_data	0A38
		.scroll_sprite	0A67
		_scroll_sprite	0A78
		.set_sprite_tile	0A85
		_set_sprite_tile	0A92
		.copy_vram	0A9D
		_get_data	0AAC
		_set_data	0AAC
AREA _LIT
	RADIX HEX
	BASE 0ABF
	SIZE 0000
	ATTRIB REL CON
AREA _GSINIT
	RADIX HEX
	BASE 0ABF
	SIZE 01A1
	ATTRIB REL CON
	GLOBALS
		gsinit	0ABF
AREA _GSINITTAIL
	RADIX HEX
	BASE 0C60
	SIZE 0001
	ATTRIB REL CON
AREA _GSFINAL
	RADIX HEX
	BASE 0C61
	SIZE 0000
	ATTRIB REL CON
AREA _DATA
	RADIX HEX
	BASE C0A0
	SIZE 01C6
	ATTRIB REL CON
	GLOBALS
		_Sprites	C0A0
		_pipe_sprites	C240
		_bird_sprites	C25A
AREA _BSS
	RADIX HEX
	BASE C266
	SIZE 005E
	ATTRIB REL CON
	GLOBALS
		__cpu	C266
		.mode	C267
		__io_out	C268
		__io_in	C269
		__io_status	C26A
		.vbl_done	C26B
		__current_bank	C26C
		_sys_time	C26D
		.sys_time	C26D
		.int_0x40	C26F
		.int_0x48	C27F
		.int_0x50	C28F
		.int_0x58	C29F
		.int_0x60	C2AF
		.randhi	C2BF
		.randlo	C2C0
AREA _HEAP
	RADIX HEX
	BASE C2C4
	SIZE 0000
	ATTRIB REL CON
	GLOBALS
		_malloc_heap_start	C2C4
AREA _OVERLAY
	RADIX HEX
	BASE C2C4
	SIZE 0000
	ATTRIB REL CON
AREA _ISEG
	RADIX HEX
	BASE C2C4
	SIZE 0000
	ATTRIB REL CON
AREA _BSEG
	RADIX HEX
	BASE C2C4
	SIZE 0000
	ATTRIB REL CON
AREA _XSEG
	RADIX HEX
	BASE C2C4
	SIZE 0000
	ATTRIB REL CON
MODULES
	FILE /opt/gbdk/lib/small/asxxxx/gb/crt0.o
		NAME Runtime
	FILE main.o
		NAME lcc483800
LIBRARIES
	LIBRARY /opt/gbdk/lib/small/asxxxx/gbz80/gbz80.lib
		MODULE crt0_rle.o
	LIBRARY /opt/gbdk/lib/small/asxxxx/gb/gb.lib
		MODULE set_prop.o
	LIBRARY /opt/gbdk/lib/small/asxxxx/gb/gb.lib
		MODULE rand.o
	LIBRARY /opt/gbdk/lib/small/asxxxx/gb/gb.lib
		MODULE mv_spr.o
	LIBRARY /opt/gbdk/lib/small/asxxxx/gb/gb.lib
		MODULE set_data.o
	LIBRARY /opt/gbdk/lib/small/asxxxx/gbz80/gbz80.lib
		MODULE div.o
	LIBRARY /opt/gbdk/lib/small/asxxxx/gb/gb.lib
		MODULE scroll_s.o
	LIBRARY /opt/gbdk/lib/small/asxxxx/gb/gb.lib
		MODULE set_spr.o
	LIBRARY /opt/gbdk/lib/small/asxxxx/gb/gb.lib
		MODULE cpy_data.o
USERBASEDEF
	_CODE=0x0200
	_DATA=0xC0A0
	_CODE_1=0x4000
USERGLOBALDEF
	.OAM=0xC000
	.STACK=0xE000
	.refresh_OAM=0xFF80
	.init=0x0000
