                              1 ;--------------------------------------------------------
                              2 ; File Created by SDCC : FreeWare ANSI-C Compiler
                              3 ; Version 2.3.1 Thu May  7 20:22:09 2020
                              4 
                              5 ;--------------------------------------------------------
                              6 	.module lcc479190
                              7 	
                              8 ;--------------------------------------------------------
                              9 ; Public variables in this module
                             10 ;--------------------------------------------------------
                             11 	.globl _main
                             12 	.globl _pDelay
                             13 	.globl _bird_move
                             14 	.globl _bird_setup
                             15 	.globl _pipe_scroll
                             16 	.globl _pipe_move
                             17 	.globl _pipe_setup
                             18 	.globl _bird_sprites
                             19 	.globl _pipe_sprites
                             20 	.globl _Sprites
                             21 ;--------------------------------------------------------
                             22 ; special function registers
                             23 ;--------------------------------------------------------
                             24 ;--------------------------------------------------------
                             25 ; special function bits 
                             26 ;--------------------------------------------------------
                             27 ;--------------------------------------------------------
                             28 ; internal ram data
                             29 ;--------------------------------------------------------
                             30 	.area _DATA
   0000                      31 _Sprites::
   0000                      32 	.ds 416
   01A0                      33 _pipe_sprites::
   01A0                      34 	.ds 26
   01BA                      35 _bird_sprites::
   01BA                      36 	.ds 12
                             37 ;--------------------------------------------------------
                             38 ; overlayable items in internal ram 
                             39 ;--------------------------------------------------------
                             40 	.area _OVERLAY
                             41 ;--------------------------------------------------------
                             42 ; indirectly addressable internal ram data
                             43 ;--------------------------------------------------------
                             44 	.area _ISEG
                             45 ;--------------------------------------------------------
                             46 ; bit data
                             47 ;--------------------------------------------------------
                             48 	.area _BSEG
                             49 ;--------------------------------------------------------
                             50 ; external ram data
                             51 ;--------------------------------------------------------
                             52 	.area _XSEG
                             53 ;--------------------------------------------------------
                             54 ; global & static initialisations
                             55 ;--------------------------------------------------------
                             56 	.area _GSINIT
                             57 	.area _GSFINAL
                             58 	.area _GSINIT
                             59 ;	main.c 26
                             60 ;	main.c 118
                             61 ;	genArrayInit
                             62 ; _saveRegsForCall: sendSetSize: 0 deInUse: 0 bcInUse: 0 deSending: 0
   0000 21 00 00             63 	ld	hl,#_Sprites
   0003 CD 00 00             64 	call	__initrleblock
   0006 7C                   65 	.db	124
   0007 00 00 00 00 03 03    66 	.db	0x00, 0x00, 0x00, 0x00, 0x03, 0x03, 0x0F, 0x0C
        0F 0C
   000F 1F 10 7F 78 87 FC    67 	.db	0x1F, 0x10, 0x7F, 0x78, 0x87, 0xFC, 0x83, 0xFE
        83 FE
   0017 00 00 00 00 E0 E0    68 	.db	0x00, 0x00, 0x00, 0x00, 0xE0, 0xE0, 0xD0, 0x50
        D0 50
   001F 88 88 94 94 94 94    69 	.db	0x88, 0x88, 0x94, 0x94, 0x94, 0x94, 0xC4, 0x44
        C4 44
   0027 00 00 00 00 03 03    70 	.db	0x00, 0x00, 0x00, 0x00, 0x03, 0x03, 0x0F, 0x0C
        0F 0C
   002F 1F 10 3F 20 7F 40    71 	.db	0x1F, 0x10, 0x3F, 0x20, 0x7F, 0x40, 0x7F, 0x40
        7F 40
   0037 00 00 00 00 E0 E0    72 	.db	0x00, 0x00, 0x00, 0x00, 0xE0, 0xE0, 0xD0, 0x50
        D0 50
   003F 88 88 94 94 94 94    73 	.db	0x88, 0x88, 0x94, 0x94, 0x94, 0x94, 0xC4, 0x44
        C4 44
   0047 83 FE 47 7C 3F 38    74 	.db	0x83, 0xFE, 0x47, 0x7C, 0x3F, 0x38, 0x3F, 0x20
        3F 20
   004F 1F 18 07 07 00 00    75 	.db	0x1F, 0x18, 0x07, 0x07, 0x00, 0x00, 0x00, 0x00
        00 00
   0057 FE 3E C1 7F BE FE    76 	.db	0xFE, 0x3E, 0xC1, 0x7F, 0xBE, 0xFE, 0xC2, 0x7E
        C2 7E
   005F FC 3C C0 C0 00 00    77 	.db	0xFC, 0x3C, 0xC0, 0xC0, 0x00, 0x00, 0x00, 0x00
        00 00
   0067 7F 7C 83 FE 87 FC    78 	.db	0x7F, 0x7C, 0x83, 0xFE, 0x87, 0xFC, 0x8F, 0xF8
        8F F8
   006F 7F 78 07 07 00 00    79 	.db	0x7F, 0x78, 0x07, 0x07, 0x00, 0x00, 0x00, 0x00
        00 00
   0077 FE 3E C1 7F BE FE    80 	.db	0xFE, 0x3E, 0xC1, 0x7F, 0xBE, 0xFE, 0xC2, 0x7E
        C2 7E
   007F FC 3C C0 C0          81 	.db	0xFC, 0x3C, 0xC0, 0xC0
   0083 F8 00                82 	.db	-8,0x00
   0085 58                   83 	.db	88
   0086 03 03 0F 0C 1F 10    84 	.db	0x03, 0x03, 0x0F, 0x0C, 0x1F, 0x10, 0x3F, 0x20
        3F 20
   008E 7F 40 7F 7C 00 00    85 	.db	0x7F, 0x40, 0x7F, 0x7C, 0x00, 0x00, 0x00, 0x00
        00 00
   0096 E0 E0 D0 50 88 88    86 	.db	0xE0, 0xE0, 0xD0, 0x50, 0x88, 0x88, 0x94, 0x94
        94 94
   009E 94 94 C4 44 00 00    87 	.db	0x94, 0x94, 0xC4, 0x44, 0x00, 0x00, 0x1C, 0x1C
        1C 1C
   00A6 1C 14 1C 14 1C 14    88 	.db	0x1C, 0x14, 0x1C, 0x14, 0x1C, 0x14, 0x1C, 0x14
        1C 14
   00AE 1C 14 1C 1C 00 00    89 	.db	0x1C, 0x14, 0x1C, 0x1C, 0x00, 0x00, 0x7E, 0x7E
        7E 7E
   00B6 7E 42 7E 7A 7E 42    90 	.db	0x7E, 0x42, 0x7E, 0x7A, 0x7E, 0x42, 0x7E, 0x5E
        7E 5E
   00BE 7E 42 7E 7E 83 FE    91 	.db	0x7E, 0x42, 0x7E, 0x7E, 0x83, 0xFE, 0x83, 0xFE
        83 FE
   00C6 7F 7C 3F 20 1F 18    92 	.db	0x7F, 0x7C, 0x3F, 0x20, 0x1F, 0x18, 0x07, 0x07
        07 07
   00CE 00 00 00 00 FE 3E    93 	.db	0x00, 0x00, 0x00, 0x00, 0xFE, 0x3E, 0xC1, 0x7F
        C1 7F
   00D6 BE FE C2 7E FC 3C    94 	.db	0xBE, 0xFE, 0xC2, 0x7E, 0xFC, 0x3C, 0xC0, 0xC0
        C0 C0
   00DE FA 00                95 	.db	-6,0x00
   00E0 7F                   96 	.db	127
   00E1 7E 7E 7E 42 7E 7A    97 	.db	0x7E, 0x7E, 0x7E, 0x42, 0x7E, 0x7A, 0x7E, 0x42
        7E 42
   00E9 7E 7A 7E 42 7E 7E    98 	.db	0x7E, 0x7A, 0x7E, 0x42, 0x7E, 0x7E, 0x00, 0x00
        00 00
   00F1 7E 7E 7E 5A 7E 5A    99 	.db	0x7E, 0x7E, 0x7E, 0x5A, 0x7E, 0x5A, 0x7E, 0x42
        7E 42
   00F9 7E 7A 0E 0A 0E 0E   100 	.db	0x7E, 0x7A, 0x0E, 0x0A, 0x0E, 0x0E, 0x00, 0x00
        00 00
   0101 7E 7E 7E 42 7E 5E   101 	.db	0x7E, 0x7E, 0x7E, 0x42, 0x7E, 0x5E, 0x7E, 0x42
        7E 42
   0109 7E 7A 7E 42 7E 7E   102 	.db	0x7E, 0x7A, 0x7E, 0x42, 0x7E, 0x7E, 0x00, 0x00
        00 00
   0111 7E 7E 7E 42 7E 5E   103 	.db	0x7E, 0x7E, 0x7E, 0x42, 0x7E, 0x5E, 0x7E, 0x42
        7E 42
   0119 7E 5A 7E 42 7E 7E   104 	.db	0x7E, 0x5A, 0x7E, 0x42, 0x7E, 0x7E, 0x00, 0x00
        00 00
   0121 7E 7E 7E 42 7E 7A   105 	.db	0x7E, 0x7E, 0x7E, 0x42, 0x7E, 0x7A, 0x0E, 0x0A
        0E 0A
   0129 0E 0A 0E 0A 0E 0E   106 	.db	0x0E, 0x0A, 0x0E, 0x0A, 0x0E, 0x0E, 0x00, 0x00
        00 00
   0131 7E 7E 7E 42 7E 5A   107 	.db	0x7E, 0x7E, 0x7E, 0x42, 0x7E, 0x5A, 0x7E, 0x42
        7E 42
   0139 7E 5A 7E 42 7E 7E   108 	.db	0x7E, 0x5A, 0x7E, 0x42, 0x7E, 0x7E, 0xFF, 0xFF
        FF FF
   0141 AF D0 AF D0 AF D0   109 	.db	0xAF, 0xD0, 0xAF, 0xD0, 0xAF, 0xD0, 0xAF, 0xD0
        AF D0
   0149 FF FF 57 68 57 68   110 	.db	0xFF, 0xFF, 0x57, 0x68, 0x57, 0x68, 0xFF, 0xFF
        FF FF
   0151 F5 01 F5 01 F5 01   111 	.db	0xF5, 0x01, 0xF5, 0x01, 0xF5, 0x01, 0xF5, 0x01
        F5 01
   0159 FF FF EA 02 EA 02   112 	.db	0xFF, 0xFF, 0xEA, 0x02, 0xEA, 0x02, 0x00
        00
   0160 3F                  113 	.db	63
   0161 00 7E 7E 7E 42 7E   114 	.db	0x00, 0x7E, 0x7E, 0x7E, 0x42, 0x7E, 0x5A, 0x7E
        5A 7E
   0169 42 7E 7A 7E 42 7E   115 	.db	0x42, 0x7E, 0x7A, 0x7E, 0x42, 0x7E, 0x7E, 0x00
        7E 00
   0171 00 7E 7E 7E 42 7E   116 	.db	0x00, 0x7E, 0x7E, 0x7E, 0x42, 0x7E, 0x5A, 0x7E
        5A 7E
   0179 5A 7E 5A 7E 42 7E   117 	.db	0x5A, 0x7E, 0x5A, 0x7E, 0x42, 0x7E, 0x7E, 0x57
        7E 57
   0181 68 57 68 57 68 57   118 	.db	0x68, 0x57, 0x68, 0x57, 0x68, 0x57, 0x68, 0x57
        68 57
   0189 68 57 68 57 68 57   119 	.db	0x68, 0x57, 0x68, 0x57, 0x68, 0x57, 0x68, 0xEA
        68 EA
   0191 02 EA 02 EA 02 EA   120 	.db	0x02, 0xEA, 0x02, 0xEA, 0x02, 0xEA, 0x02, 0xEA
        02 EA
   0199 02 EA 02 EA 02 EA   121 	.db	0x02, 0xEA, 0x02, 0xEA, 0x02, 0xEA, 0x02
        02
   01A0 00                  122 	.db	0
                            123 ;--------------------------------------------------------
                            124 ; Home
                            125 ;--------------------------------------------------------
                            126 	.area _HOME
                            127 	.area _CODE
                            128 ;--------------------------------------------------------
                            129 ; code
                            130 ;--------------------------------------------------------
                            131 	.area _CODE
                            132 ;	main.c 10
                            133 ;	genLabel
                            134 ;	genFunction
                            135 ;	---------------------------------
                            136 ; Function pipe_setup
                            137 ; ---------------------------------
   0000                     138 ___pipe_setup_start:
   0000                     139 _pipe_setup:
   0000 E8 FD               140 	lda	sp,-3(sp)
                            141 ;	main.c 15
                            142 ;	genIpush
                            143 ; _saveRegsForCall: sendSetSize: 0 deInUse: 0 bcInUse: 0 deSending: 0
   0002 21 00 14            144 	ld	hl,#0x1400
   0005 E5                  145 	push	hl
                            146 ;	genCall
   0006 CD 00 00            147 	call	_set_sprite_tile
   0009 E8 02               148 	lda	sp,2(sp)
                            149 ;	main.c 16
                            150 ;	genIpush
                            151 ; _saveRegsForCall: sendSetSize: 0 deInUse: 0 bcInUse: 0 deSending: 0
   000B 21 01 15            152 	ld	hl,#0x1501
   000E E5                  153 	push	hl
                            154 ;	genCall
   000F CD 00 00            155 	call	_set_sprite_tile
   0012 E8 02               156 	lda	sp,2(sp)
                            157 ;	main.c 17
                            158 ;	genIpush
                            159 ; _saveRegsForCall: sendSetSize: 0 deInUse: 0 bcInUse: 0 deSending: 0
   0014 21 02 14            160 	ld	hl,#0x1402
   0017 E5                  161 	push	hl
                            162 ;	genCall
   0018 CD 00 00            163 	call	_set_sprite_tile
   001B E8 02               164 	lda	sp,2(sp)
                            165 ;	main.c 18
                            166 ;	genIpush
                            167 ; _saveRegsForCall: sendSetSize: 0 deInUse: 0 bcInUse: 0 deSending: 0
   001D 21 03 15            168 	ld	hl,#0x1503
   0020 E5                  169 	push	hl
                            170 ;	genCall
   0021 CD 00 00            171 	call	_set_sprite_tile
   0024 E8 02               172 	lda	sp,2(sp)
                            173 ;	main.c 20
                            174 ;	genIpush
                            175 ; _saveRegsForCall: sendSetSize: 0 deInUse: 0 bcInUse: 0 deSending: 0
   0026 21 02 40            176 	ld	hl,#0x4002
   0029 E5                  177 	push	hl
                            178 ;	genCall
   002A CD 00 00            179 	call	_set_sprite_prop
   002D E8 02               180 	lda	sp,2(sp)
                            181 ;	main.c 21
                            182 ;	genIpush
                            183 ; _saveRegsForCall: sendSetSize: 0 deInUse: 0 bcInUse: 0 deSending: 0
   002F 21 03 40            184 	ld	hl,#0x4003
   0032 E5                  185 	push	hl
                            186 ;	genCall
   0033 CD 00 00            187 	call	_set_sprite_prop
   0036 E8 02               188 	lda	sp,2(sp)
                            189 ;	main.c 23
                            190 ;	genAssign (pointer)
   0038 11 A0 01            191 	ld	de,#_pipe_sprites
   003B 3E 00               192 	ld	a,#0x00
   003D 12                  193 	ld	(de),a
                            194 ;	main.c 24
                            195 ;	genPlus
                            196 ;	genPlusIncr
   003E 21 A1 01            197 	ld	hl,#_pipe_sprites + 1
                            198 ;	genAssign (pointer)
   0041 36 01               199 	ld	(hl),#0x01
                            200 ;	main.c 25
                            201 ;	genPlus
                            202 ;	genPlusIncr
   0043 23                  203 	inc	hl
                            204 ;	genAssign (pointer)
   0044 36 02               205 	ld	(hl),#0x02
                            206 ;	main.c 26
                            207 ;	genPlus
                            208 ;	genPlusIncr
   0046 23                  209 	inc	hl
                            210 ;	genAssign (pointer)
   0047 36 03               211 	ld	(hl),#0x03
                            212 ;	main.c 28
                            213 ;	genAssign
                            214 ;	AOP_STK for _pipe_setup_i_1_1
   0049 F8 02               215 	lda	hl,2(sp)
   004B 36 00               216 	ld	(hl),#0x00
                            217 ;	genLabel
   004D                     218 00104$:
                            219 ;	genCmpGt
                            220 ;	AOP_STK for _pipe_setup_i_1_1
   004D 3E 16               221 	ld	a,#0x16
   004F F8 02               222 	lda	hl,2(sp)
   0051 96                  223 	sub	a,(hl)
   0052 DA C7 00            224 	jp	c,00108$
                            225 ;	main.c 29
                            226 ;	genIpush
                            227 ; _saveRegsForCall: sendSetSize: 0 deInUse: 0 bcInUse: 0 deSending: 0
   0055 3E 02               228 	ld	a,#0x02
   0057 F5                  229 	push	af
   0058 33                  230 	inc	sp
                            231 ;	genIpush
                            232 ;	AOP_STK for _pipe_setup_i_1_1
   0059 7E                  233 	ld	a,(hl)
   005A F5                  234 	push	af
   005B 33                  235 	inc	sp
                            236 ;	genCall
   005C CD 00 00            237 	call	__moduchar_rrx_s
   005F 43                  238 	ld	b,e
   0060 E8 02               239 	lda	sp,2(sp)
                            240 ;	genCmpEq
                            241 ; genCmpEq: left 1, right 1, result 0
   0062 78                  242 	ld	a,b
   0063 B7                  243 	or	a,a
   0064 C2 98 00            244 	jp	nz,00102$
   0067 18 03               245 	jr	00114$
   0069                     246 00113$:
   0069 C3 98 00            247 	jp	00102$
   006C                     248 00114$:
                            249 ;	main.c 30
                            250 ;	genPlus
                            251 ;	AOP_STK for _pipe_setup_i_1_1
                            252 ;	genPlusIncr
   006C F8 02               253 	lda	hl,2(sp)
   006E 46                  254 	ld	b,(hl)
   006F 04                  255 	inc	b
   0070 04                  256 	inc	b
   0071 04                  257 	inc	b
   0072 04                  258 	inc	b
                            259 ;	genIpush
                            260 ; _saveRegsForCall: sendSetSize: 0 deInUse: 0 bcInUse: 1 deSending: 0
   0073 C5                  261 	push	bc
   0074 3E 18               262 	ld	a,#0x18
   0076 F5                  263 	push	af
   0077 33                  264 	inc	sp
                            265 ;	genIpush
   0078 78                  266 	ld	a,b
   0079 F5                  267 	push	af
   007A 33                  268 	inc	sp
                            269 ;	genCall
   007B CD 00 00            270 	call	_set_sprite_tile
   007E E8 02               271 	lda	sp,2(sp)
   0080 E1                  272 	pop	hl
   0081 44                  273 	ld	b,h
                            274 ;	main.c 31
                            275 ;	genPlus
                            276 ;	AOP_STK for _pipe_setup_sloc0_1_0
                            277 ;	Can't optimise plus by inc, falling back to the normal way
   0082 11 A0 01            278 	ld	de,#_pipe_sprites
   0085 68                  279 	ld	l,b
   0086 26 00               280 	ld	h,#0x00
   0088 19                  281 	add	hl,de
   0089 7D                  282 	ld	a,l
   008A 54                  283 	ld	d,h
   008B F8 00               284 	lda	hl,0(sp)
   008D 22                  285 	ld	(hl+),a
   008E 72                  286 	ld	(hl),d
                            287 ;	genAssign (pointer)
                            288 ;	AOP_STK for _pipe_setup_sloc0_1_0
   008F 2B                  289 	dec	hl
   0090 5E                  290 	ld	e,(hl)
   0091 23                  291 	inc	hl
   0092 56                  292 	ld	d,(hl)
   0093 78                  293 	ld	a,b
   0094 12                  294 	ld	(de),a
                            295 ;	genGoto
   0095 C3 C1 00            296 	jp	00106$
                            297 ;	genLabel
   0098                     298 00102$:
                            299 ;	main.c 33
                            300 ;	genPlus
                            301 ;	AOP_STK for _pipe_setup_i_1_1
                            302 ;	genPlusIncr
   0098 F8 02               303 	lda	hl,2(sp)
   009A 4E                  304 	ld	c,(hl)
   009B 0C                  305 	inc	c
   009C 0C                  306 	inc	c
   009D 0C                  307 	inc	c
   009E 0C                  308 	inc	c
                            309 ;	genIpush
                            310 ; _saveRegsForCall: sendSetSize: 0 deInUse: 0 bcInUse: 1 deSending: 0
   009F C5                  311 	push	bc
   00A0 3E 19               312 	ld	a,#0x19
   00A2 F5                  313 	push	af
   00A3 33                  314 	inc	sp
                            315 ;	genIpush
   00A4 79                  316 	ld	a,c
   00A5 F5                  317 	push	af
   00A6 33                  318 	inc	sp
                            319 ;	genCall
   00A7 CD 00 00            320 	call	_set_sprite_tile
   00AA E8 02               321 	lda	sp,2(sp)
   00AC E1                  322 	pop	hl
   00AD 4D                  323 	ld	c,l
                            324 ;	main.c 34
                            325 ;	genPlus
                            326 ;	AOP_STK for _pipe_setup_sloc0_1_0
                            327 ;	Can't optimise plus by inc, falling back to the normal way
   00AE 11 A0 01            328 	ld	de,#_pipe_sprites
   00B1 69                  329 	ld	l,c
   00B2 26 00               330 	ld	h,#0x00
   00B4 19                  331 	add	hl,de
   00B5 7D                  332 	ld	a,l
   00B6 54                  333 	ld	d,h
   00B7 F8 00               334 	lda	hl,0(sp)
   00B9 22                  335 	ld	(hl+),a
   00BA 72                  336 	ld	(hl),d
                            337 ;	genAssign (pointer)
                            338 ;	AOP_STK for _pipe_setup_sloc0_1_0
   00BB 2B                  339 	dec	hl
   00BC 5E                  340 	ld	e,(hl)
   00BD 23                  341 	inc	hl
   00BE 56                  342 	ld	d,(hl)
   00BF 79                  343 	ld	a,c
   00C0 12                  344 	ld	(de),a
                            345 ;	genLabel
   00C1                     346 00106$:
                            347 ;	main.c 28
                            348 ;	genPlus
                            349 ;	AOP_STK for _pipe_setup_i_1_1
                            350 ;	genPlusIncr
   00C1 F8 02               351 	lda	hl,2(sp)
   00C3 34                  352 	inc	(hl)
                            353 ;	genGoto
   00C4 C3 4D 00            354 	jp	00104$
                            355 ;	genLabel
   00C7                     356 00108$:
                            357 ;	genEndFunction
   00C7 E8 03               358 	lda	sp,3(sp)
   00C9 C9                  359 	ret
   00CA                     360 ___pipe_setup_end:
                            361 ;	main.c 39
                            362 ;	genLabel
                            363 ;	genFunction
                            364 ;	---------------------------------
                            365 ; Function pipe_move
                            366 ; ---------------------------------
   00CA                     367 ___pipe_move_start:
   00CA                     368 _pipe_move:
   00CA E8 F6               369 	lda	sp,-10(sp)
                            370 ;	main.c 43
                            371 ;	genMinus
                            372 ;	AOP_STK for 
   00CC 3E 90               373 	ld	a,#0x90
   00CE F8 0D               374 	lda	hl,13(sp)
   00D0 96                  375 	sub	a,(hl)
                            376 ;	genRightShift
                            377 ;	AOP_STK for _pipe_move_lower_amount_1_1
   00D1 4F                  378 	ld	c,a
   00D2 CB 3F               379 	srl	a
   00D4 CB 3F               380 	srl	a
   00D6 F8 08               381 	lda	hl,8(sp)
   00D8 77                  382 	ld	(hl),a
                            383 ;	main.c 45
                            384 ;	genPointerGet
   00D9 11 A0 01            385 	ld	de,#_pipe_sprites
   00DC 1A                  386 	ld	a,(de)
   00DD 47                  387 	ld	b,a
                            388 ;	genIpush
                            389 ; _saveRegsForCall: sendSetSize: 0 deInUse: 0 bcInUse: 0 deSending: 0
                            390 ;	AOP_STK for 
   00DE F8 0D               391 	lda	hl,13(sp)
   00E0 7E                  392 	ld	a,(hl)
   00E1 F5                  393 	push	af
   00E2 33                  394 	inc	sp
                            395 ;	genIpush
                            396 ;	AOP_STK for 
   00E3 2B                  397 	dec	hl
   00E4 7E                  398 	ld	a,(hl)
   00E5 F5                  399 	push	af
   00E6 33                  400 	inc	sp
                            401 ;	genIpush
   00E7 78                  402 	ld	a,b
   00E8 F5                  403 	push	af
   00E9 33                  404 	inc	sp
                            405 ;	genCall
   00EA CD 00 00            406 	call	_move_sprite
   00ED E8 03               407 	lda	sp,3(sp)
                            408 ;	main.c 46
                            409 ;	genPlus
                            410 ;	AOP_STK for 
                            411 ;	genPlusIncr
                            412 ;	Can't optimise plus by inc, falling back to the normal way
   00EF F8 0C               413 	lda	hl,12(sp)
   00F1 7E                  414 	ld	a,(hl)
   00F2 C6 08               415 	add	a,#0x08
   00F4 47                  416 	ld	b,a
                            417 ;	genPlus
                            418 ;	AOP_STK for _pipe_move_sloc0_1_0
                            419 ;	genPlusIncr
                            420 ;	Can't optimise plus by inc, falling back to the normal way
   00F5 11 A0 01            421 	ld	de,#_pipe_sprites
   00F8 21 01 00            422 	ld	hl,#0x0001
   00FB 19                  423 	add	hl,de
   00FC 7D                  424 	ld	a,l
   00FD 54                  425 	ld	d,h
   00FE F8 06               426 	lda	hl,6(sp)
                            427 ;	genPointerGet
                            428 ;	AOP_STK for _pipe_move_sloc0_1_0
                            429 ;	AOP_STK for _pipe_move_sloc1_1_0
   0100 22                  430 	ld	(hl+),a
   0101 72                  431 	ld	(hl),d
   0102 5F                  432 	ld	e,a
   0103 1A                  433 	ld	a,(de)
   0104 2B                  434 	dec	hl
   0105 2B                  435 	dec	hl
   0106 77                  436 	ld	(hl),a
                            437 ;	genIpush
                            438 ; _saveRegsForCall: sendSetSize: 0 deInUse: 0 bcInUse: 1 deSending: 0
   0107 C5                  439 	push	bc
                            440 ;	AOP_STK for 
   0108 F8 0F               441 	lda	hl,15(sp)
   010A 7E                  442 	ld	a,(hl)
   010B F5                  443 	push	af
   010C 33                  444 	inc	sp
                            445 ;	genIpush
   010D 78                  446 	ld	a,b
   010E F5                  447 	push	af
   010F 33                  448 	inc	sp
                            449 ;	genIpush
                            450 ;	AOP_STK for _pipe_move_sloc1_1_0
   0110 F8 09               451 	lda	hl,9(sp)
   0112 7E                  452 	ld	a,(hl)
   0113 F5                  453 	push	af
   0114 33                  454 	inc	sp
                            455 ;	genCall
   0115 CD 00 00            456 	call	_move_sprite
   0118 E8 03               457 	lda	sp,3(sp)
   011A E1                  458 	pop	hl
   011B 44                  459 	ld	b,h
                            460 ;	main.c 47
                            461 ;	genMinus
                            462 ;	AOP_STK for 
                            463 ;	AOP_STK for _pipe_move_sloc1_1_0
   011C F8 0D               464 	lda	hl,13(sp)
   011E 7E                  465 	ld	a,(hl)
   011F C6 D0               466 	add	a,#0xD0
   0121 F8 05               467 	lda	hl,5(sp)
   0123 77                  468 	ld	(hl),a
                            469 ;	genPlus
                            470 ;	AOP_STK for _pipe_move_sloc0_1_0
                            471 ;	genPlusIncr
                            472 ;	Can't optimise plus by inc, falling back to the normal way
   0124 11 A0 01            473 	ld	de,#_pipe_sprites
   0127 21 02 00            474 	ld	hl,#0x0002
   012A 19                  475 	add	hl,de
   012B 7D                  476 	ld	a,l
   012C 54                  477 	ld	d,h
   012D F8 06               478 	lda	hl,6(sp)
                            479 ;	genPointerGet
                            480 ;	AOP_STK for _pipe_move_sloc0_1_0
                            481 ;	AOP_STK for _pipe_move_sloc2_1_0
   012F 22                  482 	ld	(hl+),a
   0130 72                  483 	ld	(hl),d
   0131 5F                  484 	ld	e,a
   0132 1A                  485 	ld	a,(de)
   0133 F8 04               486 	lda	hl,4(sp)
   0135 77                  487 	ld	(hl),a
                            488 ;	genIpush
                            489 ; _saveRegsForCall: sendSetSize: 0 deInUse: 0 bcInUse: 1 deSending: 0
   0136 C5                  490 	push	bc
                            491 ;	AOP_STK for _pipe_move_sloc1_1_0
   0137 23                  492 	inc	hl
   0138 7E                  493 	ld	a,(hl)
   0139 F5                  494 	push	af
   013A 33                  495 	inc	sp
                            496 ;	genIpush
                            497 ;	AOP_STK for 
   013B F8 0F               498 	lda	hl,15(sp)
   013D 7E                  499 	ld	a,(hl)
   013E F5                  500 	push	af
   013F 33                  501 	inc	sp
                            502 ;	genIpush
                            503 ;	AOP_STK for _pipe_move_sloc2_1_0
   0140 F8 08               504 	lda	hl,8(sp)
   0142 7E                  505 	ld	a,(hl)
   0143 F5                  506 	push	af
   0144 33                  507 	inc	sp
                            508 ;	genCall
   0145 CD 00 00            509 	call	_move_sprite
   0148 E8 03               510 	lda	sp,3(sp)
   014A E1                  511 	pop	hl
   014B 44                  512 	ld	b,h
                            513 ;	main.c 48
                            514 ;	genPlus
                            515 ;	AOP_STK for _pipe_move_sloc0_1_0
                            516 ;	genPlusIncr
                            517 ;	Can't optimise plus by inc, falling back to the normal way
   014C 11 A0 01            518 	ld	de,#_pipe_sprites
   014F 21 03 00            519 	ld	hl,#0x0003
   0152 19                  520 	add	hl,de
   0153 7D                  521 	ld	a,l
   0154 54                  522 	ld	d,h
   0155 F8 06               523 	lda	hl,6(sp)
                            524 ;	genPointerGet
                            525 ;	AOP_STK for _pipe_move_sloc0_1_0
                            526 ;	AOP_STK for _pipe_move_sloc2_1_0
   0157 22                  527 	ld	(hl+),a
   0158 72                  528 	ld	(hl),d
   0159 5F                  529 	ld	e,a
   015A 1A                  530 	ld	a,(de)
   015B F8 04               531 	lda	hl,4(sp)
   015D 77                  532 	ld	(hl),a
                            533 ;	genIpush
                            534 ; _saveRegsForCall: sendSetSize: 0 deInUse: 0 bcInUse: 1 deSending: 0
   015E C5                  535 	push	bc
                            536 ;	AOP_STK for _pipe_move_sloc1_1_0
   015F 23                  537 	inc	hl
   0160 7E                  538 	ld	a,(hl)
   0161 F5                  539 	push	af
   0162 33                  540 	inc	sp
                            541 ;	genIpush
   0163 78                  542 	ld	a,b
   0164 F5                  543 	push	af
   0165 33                  544 	inc	sp
                            545 ;	genIpush
                            546 ;	AOP_STK for _pipe_move_sloc2_1_0
   0166 2B                  547 	dec	hl
   0167 7E                  548 	ld	a,(hl)
   0168 F5                  549 	push	af
   0169 33                  550 	inc	sp
                            551 ;	genCall
   016A CD 00 00            552 	call	_move_sprite
   016D E8 03               553 	lda	sp,3(sp)
   016F E1                  554 	pop	hl
   0170 44                  555 	ld	b,h
                            556 ;	main.c 50
                            557 ;	genAssign
   0171 0E 04               558 	ld	c,#0x04
                            559 ;	genLabel
   0173                     560 00107$:
                            561 ;	genPlus
                            562 ;	AOP_STK for _pipe_move_lower_amount_1_1
                            563 ;	AOP_STK for _pipe_move_sloc2_1_0
                            564 ;	genPlusIncr
                            565 ;	Can't optimise plus by inc, falling back to the normal way
   0173 F8 08               566 	lda	hl,8(sp)
   0175 7E                  567 	ld	a,(hl)
   0176 C6 04               568 	add	a,#0x04
   0178 F8 04               569 	lda	hl,4(sp)
   017A 77                  570 	ld	(hl),a
                            571 ;	genCmpLt
                            572 ;	AOP_STK for _pipe_move_sloc2_1_0
   017B 79                  573 	ld	a,c
   017C 96                  574 	sub	a,(hl)
   017D D2 95 02            575 	jp	nc,00110$
                            576 ;	main.c 51
                            577 ;	genIpush
                            578 ; _saveRegsForCall: sendSetSize: 0 deInUse: 0 bcInUse: 1 deSending: 0
   0180 C5                  579 	push	bc
   0181 3E 02               580 	ld	a,#0x02
   0183 F5                  581 	push	af
   0184 33                  582 	inc	sp
                            583 ;	genIpush
   0185 79                  584 	ld	a,c
   0186 F5                  585 	push	af
   0187 33                  586 	inc	sp
                            587 ;	genCall
   0188 CD 00 00            588 	call	__moduchar_rrx_s
                            589 ;	AOP_STK for _pipe_move_sloc1_1_0
   018B F8 09               590 	lda	hl,9(sp)
   018D 73                  591 	ld	(hl),e
   018E E8 02               592 	lda	sp,2(sp)
   0190 C1                  593 	pop	bc
                            594 ;	genCmpEq
                            595 ;	AOP_STK for _pipe_move_sloc1_1_0
                            596 ; genCmpEq: left 1, right 1, result 0
   0191 F8 05               597 	lda	hl,5(sp)
   0193 7E                  598 	ld	a,(hl)
   0194 B7                  599 	or	a,a
   0195 C2 1B 02            600 	jp	nz,00102$
   0198 18 03               601 	jr	00124$
   019A                     602 00123$:
   019A C3 1B 02            603 	jp	00102$
   019D                     604 00124$:
                            605 ;	main.c 52
                            606 ;	genMinus
                            607 ;	AOP_STK for _pipe_move_sloc1_1_0
   019D 79                  608 	ld	a,c
   019E C6 FC               609 	add	a,#0xFC
   01A0 F8 05               610 	lda	hl,5(sp)
                            611 ;	genRightShift
                            612 ;	AOP_STK for _pipe_move_sloc1_1_0
                            613 ;	AOP_STK for _pipe_move_sloc0_1_0
   01A2 77                  614 	ld      (hl),a
                            615 ; Removed redundent load
   01A3 CB 3F               616 	srl	a
   01A5 23                  617 	inc	hl
                            618 ;	genCast
                            619 ;	AOP_STK for _pipe_move_sloc0_1_0
                            620 ;	AOP_STK for _pipe_move_sloc3_1_0
   01A6 77                  621 	ld      (hl),a
                            622 ; Removed redundent load
   01A7 F8 02               623 	lda	hl,2(sp)
   01A9 22                  624 	ld	(hl+),a
   01AA 36 00               625 	ld	(hl),#0x00
                            626 ;	genLeftShift
                            627 ;	AOP_STK for _pipe_move_sloc3_1_0
                            628 ;	AOP_STK for _pipe_move_sloc0_1_0
   01AC 2B                  629 	dec	hl
   01AD 7E                  630 	ld	a,(hl)
   01AE F8 06               631 	lda	hl,6(sp)
   01B0 77                  632 	ld	(hl),a
   01B1 F8 03               633 	lda	hl,3(sp)
   01B3 7E                  634 	ld	a,(hl)
   01B4 F8 07               635 	lda	hl,7(sp)
   01B6 77                  636 	ld	(hl),a
   01B7 3E 04               637 	ld	a,#0x03+1
   01B9 18 07               638 	jr	00126$
   01BB                     639 00125$:
   01BB F8 06               640 	lda	hl,6(sp)
   01BD CB 26               641 	sla	(hl)
   01BF 23                  642 	inc	hl
   01C0 CB 16               643 	rl	(hl)
   01C2                     644 00126$:
   01C2 3D                  645 	dec	a
   01C3 20 F6               646 	jr	nz,00125$
                            647 ;	genPlus
                            648 ;	AOP_STK for _pipe_move_sloc0_1_0
                            649 ;	AOP_STK for _pipe_move_sloc3_1_0
                            650 ;	genPlusIncr
                            651 ;	Can't optimise plus by inc, falling back to the normal way
   01C5 F8 06               652 	lda	hl,6(sp)
   01C7 5E                  653 	ld	e,(hl)
   01C8 23                  654 	inc	hl
   01C9 56                  655 	ld	d,(hl)
   01CA 21 08 00            656 	ld	hl,#0x0008
   01CD 19                  657 	add	hl,de
   01CE 7D                  658 	ld	a,l
   01CF 54                  659 	ld	d,h
   01D0 F8 02               660 	lda	hl,2(sp)
   01D2 22                  661 	ld	(hl+),a
   01D3 72                  662 	ld	(hl),d
                            663 ;	genCast
                            664 ;	AOP_STK for 
                            665 ;	AOP_STK for _pipe_move_sloc0_1_0
   01D4 F8 0D               666 	lda	hl,13(sp)
   01D6 7E                  667 	ld	a,(hl)
   01D7 F8 06               668 	lda	hl,6(sp)
   01D9 22                  669 	ld	(hl+),a
   01DA 36 00               670 	ld	(hl),#0x00
                            671 ;	genPlus
                            672 ;	AOP_STK for _pipe_move_sloc0_1_0
                            673 ;	AOP_STK for _pipe_move_sloc3_1_0
                            674 ;	AOP_STK for _pipe_move_sloc4_1_0
                            675 ;	Can't optimise plus by inc, falling back to the normal way
   01DC 2B                  676 	dec	hl
   01DD 5E                  677 	ld	e,(hl)
   01DE 23                  678 	inc	hl
   01DF 56                  679 	ld	d,(hl)
   01E0 F8 02               680 	lda	hl,2(sp)
   01E2 2A                  681 	ld	a,(hl+)
   01E3 66                  682 	ld	h,(hl)
   01E4 6F                  683 	ld	l,a
   01E5 19                  684 	add	hl,de
   01E6 7D                  685 	ld	a,l
   01E7 54                  686 	ld	d,h
   01E8 F8 00               687 	lda	hl,0(sp)
   01EA 22                  688 	ld	(hl+),a
   01EB 72                  689 	ld	(hl),d
                            690 ;	genCast
                            691 ;	AOP_STK for _pipe_move_sloc4_1_0
                            692 ;	AOP_STK for _pipe_move_sloc3_1_0
   01EC 2B                  693 	dec	hl
   01ED 2A                  694 	ld	a,(hl+)
   01EE 23                  695 	inc	hl
   01EF 77                  696 	ld	(hl),a
                            697 ;	genPlus
                            698 ;	AOP_STK for _pipe_move_sloc4_1_0
                            699 ;	Can't optimise plus by inc, falling back to the normal way
   01F0 11 A0 01            700 	ld	de,#_pipe_sprites
   01F3 69                  701 	ld	l,c
   01F4 26 00               702 	ld	h,#0x00
   01F6 19                  703 	add	hl,de
   01F7 7D                  704 	ld	a,l
   01F8 54                  705 	ld	d,h
   01F9 F8 00               706 	lda	hl,0(sp)
                            707 ;	genPointerGet
                            708 ;	AOP_STK for _pipe_move_sloc4_1_0
                            709 ;	AOP_STK for _pipe_move_sloc1_1_0
   01FB 22                  710 	ld	(hl+),a
   01FC 72                  711 	ld	(hl),d
   01FD 5F                  712 	ld	e,a
   01FE 1A                  713 	ld	a,(de)
   01FF F8 05               714 	lda	hl,5(sp)
   0201 77                  715 	ld	(hl),a
                            716 ;	genIpush
                            717 ; _saveRegsForCall: sendSetSize: 0 deInUse: 0 bcInUse: 1 deSending: 0
   0202 C5                  718 	push	bc
                            719 ;	AOP_STK for _pipe_move_sloc3_1_0
   0203 F8 04               720 	lda	hl,4(sp)
   0205 7E                  721 	ld	a,(hl)
   0206 F5                  722 	push	af
   0207 33                  723 	inc	sp
                            724 ;	genIpush
                            725 ;	AOP_STK for 
   0208 F8 0F               726 	lda	hl,15(sp)
   020A 7E                  727 	ld	a,(hl)
   020B F5                  728 	push	af
   020C 33                  729 	inc	sp
                            730 ;	genIpush
                            731 ;	AOP_STK for _pipe_move_sloc1_1_0
   020D F8 09               732 	lda	hl,9(sp)
   020F 7E                  733 	ld	a,(hl)
   0210 F5                  734 	push	af
   0211 33                  735 	inc	sp
                            736 ;	genCall
   0212 CD 00 00            737 	call	_move_sprite
   0215 E8 03               738 	lda	sp,3(sp)
   0217 C1                  739 	pop	bc
                            740 ;	genGoto
   0218 C3 91 02            741 	jp	00109$
                            742 ;	genLabel
   021B                     743 00102$:
                            744 ;	main.c 54
                            745 ;	genMinus
                            746 ;	AOP_STK for _pipe_move_sloc4_1_0
   021B 79                  747 	ld	a,c
   021C C6 FB               748 	add	a,#0xFB
   021E F8 00               749 	lda	hl,0(sp)
                            750 ;	genRightShift
                            751 ;	AOP_STK for _pipe_move_sloc4_1_0
                            752 ;	AOP_STK for _pipe_move_sloc3_1_0
   0220 77                  753 	ld      (hl),a
                            754 ; Removed redundent load
   0221 CB 3F               755 	srl	a
   0223 23                  756 	inc	hl
   0224 23                  757 	inc	hl
                            758 ;	genCast
                            759 ;	AOP_STK for _pipe_move_sloc3_1_0
                            760 ;	AOP_STK for _pipe_move_sloc4_1_0
                            761 ; Removed redundent load
   0225 32                  762 	ld      (hl-),a
   0226 2B                  763 	dec	hl
   0227 22                  764 	ld	(hl+),a
   0228 36 00               765 	ld	(hl),#0x00
                            766 ;	genLeftShift
                            767 ;	AOP_STK for _pipe_move_sloc4_1_0
                            768 ;	AOP_STK for _pipe_move_sloc3_1_0
   022A 2B                  769 	dec	hl
   022B 2A                  770 	ld	a,(hl+)
   022C 23                  771 	inc	hl
   022D 32                  772 	ld      (hl-),a
   022E 2A                  773 	ld	a,(hl+)
   022F 23                  774 	inc	hl
   0230 77                  775 	ld	(hl),a
   0231 3E 04               776 	ld	a,#0x03+1
   0233 18 07               777 	jr	00128$
   0235                     778 00127$:
   0235 F8 02               779 	lda	hl,2(sp)
   0237 CB 26               780 	sla	(hl)
   0239 23                  781 	inc	hl
   023A CB 16               782 	rl	(hl)
   023C                     783 00128$:
   023C 3D                  784 	dec	a
   023D 20 F6               785 	jr	nz,00127$
                            786 ;	genPlus
                            787 ;	AOP_STK for _pipe_move_sloc3_1_0
                            788 ;	AOP_STK for _pipe_move_sloc4_1_0
                            789 ;	genPlusIncr
                            790 ;	Can't optimise plus by inc, falling back to the normal way
   023F F8 02               791 	lda	hl,2(sp)
   0241 5E                  792 	ld	e,(hl)
   0242 23                  793 	inc	hl
   0243 56                  794 	ld	d,(hl)
   0244 21 08 00            795 	ld	hl,#0x0008
   0247 19                  796 	add	hl,de
   0248 7D                  797 	ld	a,l
   0249 54                  798 	ld	d,h
   024A F8 00               799 	lda	hl,0(sp)
   024C 22                  800 	ld	(hl+),a
   024D 72                  801 	ld	(hl),d
                            802 ;	genCast
                            803 ;	AOP_STK for 
                            804 ;	AOP_STK for _pipe_move_sloc3_1_0
   024E F8 0D               805 	lda	hl,13(sp)
   0250 7E                  806 	ld	a,(hl)
   0251 F8 02               807 	lda	hl,2(sp)
   0253 22                  808 	ld	(hl+),a
   0254 36 00               809 	ld	(hl),#0x00
                            810 ;	genPlus
                            811 ;	AOP_STK for _pipe_move_sloc3_1_0
                            812 ;	AOP_STK for _pipe_move_sloc4_1_0
                            813 ;	AOP_STK for _pipe_move_sloc0_1_0
                            814 ;	Can't optimise plus by inc, falling back to the normal way
   0256 2B                  815 	dec	hl
   0257 5E                  816 	ld	e,(hl)
   0258 23                  817 	inc	hl
   0259 56                  818 	ld	d,(hl)
   025A F8 00               819 	lda	hl,0(sp)
   025C 2A                  820 	ld	a,(hl+)
   025D 66                  821 	ld	h,(hl)
   025E 6F                  822 	ld	l,a
   025F 19                  823 	add	hl,de
   0260 7D                  824 	ld	a,l
   0261 54                  825 	ld	d,h
   0262 F8 06               826 	lda	hl,6(sp)
   0264 22                  827 	ld	(hl+),a
   0265 72                  828 	ld	(hl),d
                            829 ;	genCast
                            830 ;	AOP_STK for _pipe_move_sloc0_1_0
                            831 ;	AOP_STK for _pipe_move_sloc4_1_0
   0266 2B                  832 	dec	hl
   0267 7E                  833 	ld	a,(hl)
   0268 F8 00               834 	lda	hl,0(sp)
   026A 77                  835 	ld	(hl),a
                            836 ;	genPlus
                            837 ;	AOP_STK for _pipe_move_sloc3_1_0
                            838 ;	Can't optimise plus by inc, falling back to the normal way
   026B 11 A0 01            839 	ld	de,#_pipe_sprites
   026E 69                  840 	ld	l,c
   026F 26 00               841 	ld	h,#0x00
   0271 19                  842 	add	hl,de
   0272 7D                  843 	ld	a,l
   0273 54                  844 	ld	d,h
   0274 F8 02               845 	lda	hl,2(sp)
                            846 ;	genPointerGet
                            847 ;	AOP_STK for _pipe_move_sloc3_1_0
                            848 ;	AOP_STK for _pipe_move_sloc1_1_0
   0276 22                  849 	ld	(hl+),a
   0277 72                  850 	ld	(hl),d
   0278 5F                  851 	ld	e,a
   0279 1A                  852 	ld	a,(de)
   027A 23                  853 	inc	hl
   027B 23                  854 	inc	hl
   027C 77                  855 	ld	(hl),a
                            856 ;	genIpush
                            857 ; _saveRegsForCall: sendSetSize: 0 deInUse: 0 bcInUse: 1 deSending: 0
   027D C5                  858 	push	bc
                            859 ;	AOP_STK for _pipe_move_sloc4_1_0
   027E F8 02               860 	lda	hl,2(sp)
   0280 7E                  861 	ld	a,(hl)
   0281 F5                  862 	push	af
   0282 33                  863 	inc	sp
                            864 ;	genIpush
   0283 78                  865 	ld	a,b
   0284 F5                  866 	push	af
   0285 33                  867 	inc	sp
                            868 ;	genIpush
                            869 ;	AOP_STK for _pipe_move_sloc1_1_0
   0286 F8 09               870 	lda	hl,9(sp)
   0288 7E                  871 	ld	a,(hl)
   0289 F5                  872 	push	af
   028A 33                  873 	inc	sp
                            874 ;	genCall
   028B CD 00 00            875 	call	_move_sprite
   028E E8 03               876 	lda	sp,3(sp)
   0290 C1                  877 	pop	bc
                            878 ;	genLabel
   0291                     879 00109$:
                            880 ;	main.c 50
                            881 ;	genPlus
                            882 ;	genPlusIncr
                            883 ; Removed redundent load
   0291 0C                  884 	inc	c
                            885 ;	genGoto
   0292 C3 73 01            886 	jp	00107$
                            887 ;	genLabel
   0295                     888 00110$:
                            889 ;	main.c 58
                            890 ;	genAssign
                            891 ;	AOP_STK for _pipe_move_sloc2_1_0
                            892 ;	AOP_STK for _pipe_move_i_1_1
   0295 F8 04               893 	lda	hl,4(sp)
   0297 7E                  894 	ld	a,(hl)
   0298 F8 09               895 	lda	hl,9(sp)
                            896 ;	genAssign
                            897 ;	AOP_STK for _pipe_move_i_1_1
   029A 77                  898 	ld      (hl),a
   029B 4F                  899 	ld      c,a
                            900 ;	genLabel
   029C                     901 00111$:
                            902 ;	genMinus
                            903 ;	AOP_STK for _pipe_move_lower_amount_1_1
                            904 ;	AOP_STK for _pipe_move_sloc4_1_0
   029C 3E 16               905 	ld	a,#0x16
   029E F8 08               906 	lda	hl,8(sp)
   02A0 96                  907 	sub	a,(hl)
   02A1 F8 00               908 	lda	hl,0(sp)
   02A3 77                  909 	ld	(hl),a
                            910 ;	genPlus
                            911 ;	AOP_STK for _pipe_move_sloc2_1_0
                            912 ;	AOP_STK for _pipe_move_sloc4_1_0
                            913 ;	AOP_STK for _pipe_move_sloc3_1_0
                            914 ;	Can't optimise plus by inc, falling back to the normal way
   02A4 F8 04               915 	lda	hl,4(sp)
   02A6 7E                  916 	ld	a,(hl)
   02A7 F8 00               917 	lda	hl,0(sp)
   02A9 86                  918 	add	a,(hl)
   02AA 23                  919 	inc	hl
   02AB 23                  920 	inc	hl
   02AC 77                  921 	ld	(hl),a
                            922 ;	genCmpLt
                            923 ;	AOP_STK for _pipe_move_sloc3_1_0
   02AD 79                  924 	ld	a,c
   02AE 96                  925 	sub	a,(hl)
   02AF D2 D2 03            926 	jp	nc,00115$
                            927 ;	main.c 59
                            928 ;	genIpush
                            929 ; _saveRegsForCall: sendSetSize: 0 deInUse: 0 bcInUse: 1 deSending: 0
   02B2 C5                  930 	push	bc
   02B3 3E 02               931 	ld	a,#0x02
   02B5 F5                  932 	push	af
   02B6 33                  933 	inc	sp
                            934 ;	genIpush
   02B7 79                  935 	ld	a,c
   02B8 F5                  936 	push	af
   02B9 33                  937 	inc	sp
                            938 ;	genCall
   02BA CD 00 00            939 	call	__moduchar_rrx_s
                            940 ;	AOP_STK for _pipe_move_sloc4_1_0
   02BD F8 04               941 	lda	hl,4(sp)
   02BF 73                  942 	ld	(hl),e
   02C0 E8 02               943 	lda	sp,2(sp)
   02C2 C1                  944 	pop	bc
                            945 ;	genCmpEq
                            946 ;	AOP_STK for _pipe_move_sloc4_1_0
                            947 ; genCmpEq: left 1, right 1, result 0
   02C3 F8 00               948 	lda	hl,0(sp)
   02C5 7E                  949 	ld	a,(hl)
   02C6 B7                  950 	or	a,a
   02C7 C2 4C 03            951 	jp	nz,00105$
   02CA 18 03               952 	jr	00130$
   02CC                     953 00129$:
   02CC C3 4C 03            954 	jp	00105$
   02CF                     955 00130$:
                            956 ;	main.c 60
                            957 ;	genMinus
                            958 ;	AOP_STK for _pipe_move_sloc2_1_0
                            959 ;	AOP_STK for _pipe_move_sloc4_1_0
   02CF 79                  960 	ld	a,c
   02D0 F8 04               961 	lda	hl,4(sp)
   02D2 96                  962 	sub	a,(hl)
   02D3 F8 00               963 	lda	hl,0(sp)
                            964 ;	genRightShift
                            965 ;	AOP_STK for _pipe_move_sloc4_1_0
                            966 ;	AOP_STK for _pipe_move_sloc3_1_0
   02D5 77                  967 	ld      (hl),a
                            968 ; Removed redundent load
   02D6 CB 3F               969 	srl	a
   02D8 23                  970 	inc	hl
   02D9 23                  971 	inc	hl
                            972 ;	genCast
                            973 ;	AOP_STK for _pipe_move_sloc3_1_0
                            974 ;	AOP_STK for _pipe_move_sloc4_1_0
                            975 ; Removed redundent load
   02DA 32                  976 	ld      (hl-),a
   02DB 2B                  977 	dec	hl
   02DC 22                  978 	ld	(hl+),a
   02DD 36 00               979 	ld	(hl),#0x00
                            980 ;	genLeftShift
                            981 ;	AOP_STK for _pipe_move_sloc4_1_0
                            982 ;	AOP_STK for _pipe_move_sloc3_1_0
   02DF 2B                  983 	dec	hl
   02E0 2A                  984 	ld	a,(hl+)
   02E1 23                  985 	inc	hl
   02E2 32                  986 	ld      (hl-),a
   02E3 2A                  987 	ld	a,(hl+)
   02E4 23                  988 	inc	hl
   02E5 77                  989 	ld	(hl),a
   02E6 3E 04               990 	ld	a,#0x03+1
   02E8 18 07               991 	jr	00132$
   02EA                     992 00131$:
   02EA F8 02               993 	lda	hl,2(sp)
   02EC CB 26               994 	sla	(hl)
   02EE 23                  995 	inc	hl
   02EF CB 16               996 	rl	(hl)
   02F1                     997 00132$:
   02F1 3D                  998 	dec	a
   02F2 20 F6               999 	jr	nz,00131$
                           1000 ;	genPlus
                           1001 ;	AOP_STK for _pipe_move_sloc3_1_0
                           1002 ;	AOP_STK for _pipe_move_sloc4_1_0
                           1003 ;	genPlusIncr
                           1004 ;	Can't optimise plus by inc, falling back to the normal way
   02F4 F8 02              1005 	lda	hl,2(sp)
   02F6 5E                 1006 	ld	e,(hl)
   02F7 23                 1007 	inc	hl
   02F8 56                 1008 	ld	d,(hl)
   02F9 21 38 00           1009 	ld	hl,#0x0038
   02FC 19                 1010 	add	hl,de
   02FD 7D                 1011 	ld	a,l
   02FE 54                 1012 	ld	d,h
   02FF F8 00              1013 	lda	hl,0(sp)
   0301 22                 1014 	ld	(hl+),a
   0302 72                 1015 	ld	(hl),d
                           1016 ;	genCast
                           1017 ;	AOP_STK for 
                           1018 ;	AOP_STK for _pipe_move_sloc3_1_0
   0303 F8 0D              1019 	lda	hl,13(sp)
   0305 7E                 1020 	ld	a,(hl)
   0306 F8 02              1021 	lda	hl,2(sp)
   0308 22                 1022 	ld	(hl+),a
   0309 36 00              1023 	ld	(hl),#0x00
                           1024 ;	genMinus
                           1025 ;	AOP_STK for _pipe_move_sloc3_1_0
                           1026 ;	AOP_STK for _pipe_move_sloc4_1_0
                           1027 ;	AOP_STK for _pipe_move_sloc0_1_0
   030B 2B                 1028 	dec	hl
   030C 5E                 1029 	ld	e,(hl)
   030D 23                 1030 	inc	hl
   030E 56                 1031 	ld	d,(hl)
   030F F8 00              1032 	lda	hl,0(sp)
   0311 2A                 1033 	ld	a,(hl+)
   0312 66                 1034 	ld	h,(hl)
   0313 6F                 1035 	ld	l,a
   0314 7B                 1036 	ld	a,e
   0315 95                 1037 	sub	a,l
   0316 5F                 1038 	ld	e,a
   0317 7A                 1039 	ld	a,d
   0318 9C                 1040 	sbc	a,h
   0319 F8 07              1041 	lda	hl,7(sp)
   031B 32                 1042 	ld      (hl-),a
   031C 73                 1043 	ld	(hl),e
                           1044 ;	genCast
                           1045 ;	AOP_STK for _pipe_move_sloc0_1_0
                           1046 ;	AOP_STK for _pipe_move_sloc4_1_0
   031D 7E                 1047 	ld	a,(hl)
   031E F8 00              1048 	lda	hl,0(sp)
   0320 77                 1049 	ld	(hl),a
                           1050 ;	genPlus
                           1051 ;	AOP_STK for _pipe_move_sloc3_1_0
                           1052 ;	Can't optimise plus by inc, falling back to the normal way
   0321 11 A0 01           1053 	ld	de,#_pipe_sprites
   0324 69                 1054 	ld	l,c
   0325 26 00              1055 	ld	h,#0x00
   0327 19                 1056 	add	hl,de
   0328 7D                 1057 	ld	a,l
   0329 54                 1058 	ld	d,h
   032A F8 02              1059 	lda	hl,2(sp)
                           1060 ;	genPointerGet
                           1061 ;	AOP_STK for _pipe_move_sloc3_1_0
                           1062 ;	AOP_STK for _pipe_move_sloc1_1_0
   032C 22                 1063 	ld	(hl+),a
   032D 72                 1064 	ld	(hl),d
   032E 5F                 1065 	ld	e,a
   032F 1A                 1066 	ld	a,(de)
   0330 23                 1067 	inc	hl
   0331 23                 1068 	inc	hl
   0332 77                 1069 	ld	(hl),a
                           1070 ;	genIpush
                           1071 ; _saveRegsForCall: sendSetSize: 0 deInUse: 0 bcInUse: 1 deSending: 0
   0333 C5                 1072 	push	bc
                           1073 ;	AOP_STK for _pipe_move_sloc4_1_0
   0334 F8 02              1074 	lda	hl,2(sp)
   0336 7E                 1075 	ld	a,(hl)
   0337 F5                 1076 	push	af
   0338 33                 1077 	inc	sp
                           1078 ;	genIpush
                           1079 ;	AOP_STK for 
   0339 F8 0F              1080 	lda	hl,15(sp)
   033B 7E                 1081 	ld	a,(hl)
   033C F5                 1082 	push	af
   033D 33                 1083 	inc	sp
                           1084 ;	genIpush
                           1085 ;	AOP_STK for _pipe_move_sloc1_1_0
   033E F8 09              1086 	lda	hl,9(sp)
   0340 7E                 1087 	ld	a,(hl)
   0341 F5                 1088 	push	af
   0342 33                 1089 	inc	sp
                           1090 ;	genCall
   0343 CD 00 00           1091 	call	_move_sprite
   0346 E8 03              1092 	lda	sp,3(sp)
   0348 C1                 1093 	pop	bc
                           1094 ;	genGoto
   0349 C3 CE 03           1095 	jp	00113$
                           1096 ;	genLabel
   034C                    1097 00105$:
                           1098 ;	main.c 62
                           1099 ;	genPlus
                           1100 ;	AOP_STK for _pipe_move_lower_amount_1_1
                           1101 ;	AOP_STK for _pipe_move_sloc4_1_0
                           1102 ;	genPlusIncr
                           1103 ;	Can't optimise plus by inc, falling back to the normal way
   034C F8 08              1104 	lda	hl,8(sp)
   034E 7E                 1105 	ld	a,(hl)
   034F C6 05              1106 	add	a,#0x05
   0351 F8 00              1107 	lda	hl,0(sp)
   0353 77                 1108 	ld	(hl),a
                           1109 ;	genMinus
                           1110 ;	AOP_STK for _pipe_move_sloc4_1_0
                           1111 ;	AOP_STK for _pipe_move_sloc3_1_0
   0354 79                 1112 	ld	a,c
   0355 96                 1113 	sub	a,(hl)
   0356 23                 1114 	inc	hl
   0357 23                 1115 	inc	hl
                           1116 ;	genRightShift
                           1117 ;	AOP_STK for _pipe_move_sloc3_1_0
                           1118 ;	AOP_STK for _pipe_move_sloc4_1_0
   0358 77                 1119 	ld      (hl),a
                           1120 ; Removed redundent load
   0359 CB 3F              1121 	srl	a
   035B 2B                 1122 	dec	hl
   035C 2B                 1123 	dec	hl
   035D 77                 1124 	ld	(hl),a
                           1125 ;	genCast
                           1126 ;	AOP_STK for _pipe_move_sloc4_1_0
                           1127 ;	AOP_STK for _pipe_move_sloc3_1_0
   035E 2A                 1128 	ld	a,(hl+)
   035F 23                 1129 	inc	hl
   0360 22                 1130 	ld	(hl+),a
   0361 36 00              1131 	ld	(hl),#0x00
                           1132 ;	genLeftShift
                           1133 ;	AOP_STK for _pipe_move_sloc3_1_0
                           1134 ;	AOP_STK for _pipe_move_sloc4_1_0
   0363 2B                 1135 	dec	hl
   0364 7E                 1136 	ld	a,(hl)
   0365 2B                 1137 	dec	hl
   0366 2B                 1138 	dec	hl
   0367 77                 1139 	ld	(hl),a
   0368 F8 03              1140 	lda	hl,3(sp)
   036A 7E                 1141 	ld	a,(hl)
   036B 2B                 1142 	dec	hl
   036C 2B                 1143 	dec	hl
   036D 77                 1144 	ld	(hl),a
   036E 3E 04              1145 	ld	a,#0x03+1
   0370 18 07              1146 	jr	00134$
   0372                    1147 00133$:
   0372 F8 00              1148 	lda	hl,0(sp)
   0374 CB 26              1149 	sla	(hl)
   0376 23                 1150 	inc	hl
   0377 CB 16              1151 	rl	(hl)
   0379                    1152 00134$:
   0379 3D                 1153 	dec	a
   037A 20 F6              1154 	jr	nz,00133$
                           1155 ;	genPlus
                           1156 ;	AOP_STK for _pipe_move_sloc4_1_0
                           1157 ;	AOP_STK for _pipe_move_sloc3_1_0
                           1158 ;	genPlusIncr
                           1159 ;	Can't optimise plus by inc, falling back to the normal way
   037C F8 00              1160 	lda	hl,0(sp)
   037E 5E                 1161 	ld	e,(hl)
   037F 23                 1162 	inc	hl
   0380 56                 1163 	ld	d,(hl)
   0381 21 38 00           1164 	ld	hl,#0x0038
   0384 19                 1165 	add	hl,de
   0385 7D                 1166 	ld	a,l
   0386 54                 1167 	ld	d,h
   0387 F8 02              1168 	lda	hl,2(sp)
   0389 22                 1169 	ld	(hl+),a
   038A 72                 1170 	ld	(hl),d
                           1171 ;	genCast
                           1172 ;	AOP_STK for 
                           1173 ;	AOP_STK for _pipe_move_sloc4_1_0
   038B F8 0D              1174 	lda	hl,13(sp)
   038D 7E                 1175 	ld	a,(hl)
   038E F8 00              1176 	lda	hl,0(sp)
   0390 22                 1177 	ld	(hl+),a
   0391 36 00              1178 	ld	(hl),#0x00
                           1179 ;	genMinus
                           1180 ;	AOP_STK for _pipe_move_sloc4_1_0
                           1181 ;	AOP_STK for _pipe_move_sloc3_1_0
                           1182 ;	AOP_STK for _pipe_move_sloc0_1_0
   0393 2B                 1183 	dec	hl
   0394 5E                 1184 	ld	e,(hl)
   0395 23                 1185 	inc	hl
   0396 56                 1186 	ld	d,(hl)
   0397 23                 1187 	inc	hl
   0398 2A                 1188 	ld	a,(hl+)
   0399 66                 1189 	ld	h,(hl)
   039A 6F                 1190 	ld	l,a
   039B 7B                 1191 	ld	a,e
   039C 95                 1192 	sub	a,l
   039D 5F                 1193 	ld	e,a
   039E 7A                 1194 	ld	a,d
   039F 9C                 1195 	sbc	a,h
   03A0 F8 07              1196 	lda	hl,7(sp)
   03A2 32                 1197 	ld      (hl-),a
   03A3 73                 1198 	ld	(hl),e
                           1199 ;	genCast
                           1200 ;	AOP_STK for _pipe_move_sloc0_1_0
                           1201 ;	AOP_STK for _pipe_move_sloc4_1_0
   03A4 7E                 1202 	ld	a,(hl)
   03A5 F8 00              1203 	lda	hl,0(sp)
   03A7 77                 1204 	ld	(hl),a
                           1205 ;	genPlus
                           1206 ;	AOP_STK for _pipe_move_sloc3_1_0
                           1207 ;	Can't optimise plus by inc, falling back to the normal way
   03A8 11 A0 01           1208 	ld	de,#_pipe_sprites
   03AB 69                 1209 	ld	l,c
   03AC 26 00              1210 	ld	h,#0x00
   03AE 19                 1211 	add	hl,de
   03AF 7D                 1212 	ld	a,l
   03B0 54                 1213 	ld	d,h
   03B1 F8 02              1214 	lda	hl,2(sp)
                           1215 ;	genPointerGet
                           1216 ;	AOP_STK for _pipe_move_sloc3_1_0
                           1217 ;	AOP_STK for _pipe_move_sloc1_1_0
   03B3 22                 1218 	ld	(hl+),a
   03B4 72                 1219 	ld	(hl),d
   03B5 5F                 1220 	ld	e,a
   03B6 1A                 1221 	ld	a,(de)
   03B7 23                 1222 	inc	hl
   03B8 23                 1223 	inc	hl
   03B9 77                 1224 	ld	(hl),a
                           1225 ;	genIpush
                           1226 ; _saveRegsForCall: sendSetSize: 0 deInUse: 0 bcInUse: 1 deSending: 0
   03BA C5                 1227 	push	bc
                           1228 ;	AOP_STK for _pipe_move_sloc4_1_0
   03BB F8 02              1229 	lda	hl,2(sp)
   03BD 7E                 1230 	ld	a,(hl)
   03BE F5                 1231 	push	af
   03BF 33                 1232 	inc	sp
                           1233 ;	genIpush
   03C0 78                 1234 	ld	a,b
   03C1 F5                 1235 	push	af
   03C2 33                 1236 	inc	sp
                           1237 ;	genIpush
                           1238 ;	AOP_STK for _pipe_move_sloc1_1_0
   03C3 F8 09              1239 	lda	hl,9(sp)
   03C5 7E                 1240 	ld	a,(hl)
   03C6 F5                 1241 	push	af
   03C7 33                 1242 	inc	sp
                           1243 ;	genCall
   03C8 CD 00 00           1244 	call	_move_sprite
   03CB E8 03              1245 	lda	sp,3(sp)
   03CD C1                 1246 	pop	bc
                           1247 ;	genLabel
   03CE                    1248 00113$:
                           1249 ;	main.c 58
                           1250 ;	genPlus
                           1251 ;	genPlusIncr
                           1252 ; Removed redundent load
   03CE 0C                 1253 	inc	c
                           1254 ;	genGoto
   03CF C3 9C 02           1255 	jp	00111$
                           1256 ;	genLabel
   03D2                    1257 00115$:
                           1258 ;	genEndFunction
   03D2 E8 0A              1259 	lda	sp,10(sp)
   03D4 C9                 1260 	ret
   03D5                    1261 ___pipe_move_end:
                           1262 ;	main.c 68
                           1263 ;	genLabel
                           1264 ;	genFunction
                           1265 ;	---------------------------------
                           1266 ; Function pipe_scroll
                           1267 ; ---------------------------------
   03D5                    1268 ___pipe_scroll_start:
   03D5                    1269 _pipe_scroll:
   03D5 E8 FE              1270 	lda	sp,-2(sp)
                           1271 ;	main.c 71
                           1272 ;	genAssign
   03D7 0E 00              1273 	ld	c,#0x00
                           1274 ;	genLabel
   03D9                    1275 00101$:
                           1276 ;	genCmpLt
   03D9 79                 1277 	ld	a,c
   03DA FE 1A              1278 	cp	#0x1A
   03DC D2 07 04           1279 	jp	nc,00105$
                           1280 ;	main.c 72
                           1281 ;	genAssign
                           1282 ;	(operands are equal 3)
                           1283 ;	genAssign
                           1284 ;	(operands are equal 3)
                           1285 ;	genPlus
                           1286 ;	AOP_STK for _pipe_scroll_sloc0_1_0
                           1287 ;	Can't optimise plus by inc, falling back to the normal way
   03DF 11 A0 01           1288 	ld	de,#_pipe_sprites
   03E2 69                 1289 	ld	l,c
   03E3 26 00              1290 	ld	h,#0x00
   03E5 19                 1291 	add	hl,de
   03E6 7D                 1292 	ld	a,l
   03E7 54                 1293 	ld	d,h
   03E8 F8 00              1294 	lda	hl,0(sp)
                           1295 ;	genPointerGet
                           1296 ;	AOP_STK for _pipe_scroll_sloc0_1_0
   03EA 22                 1297 	ld	(hl+),a
   03EB 72                 1298 	ld	(hl),d
   03EC 5F                 1299 	ld	e,a
   03ED 1A                 1300 	ld	a,(de)
   03EE 47                 1301 	ld	b,a
                           1302 ;	genIpush
                           1303 ; _saveRegsForCall: sendSetSize: 0 deInUse: 0 bcInUse: 1 deSending: 0
   03EF C5                 1304 	push	bc
                           1305 ;	AOP_STK for 
   03F0 F8 07              1306 	lda	hl,7(sp)
   03F2 7E                 1307 	ld	a,(hl)
   03F3 F5                 1308 	push	af
   03F4 33                 1309 	inc	sp
                           1310 ;	genIpush
                           1311 ;	AOP_STK for 
   03F5 2B                 1312 	dec	hl
   03F6 7E                 1313 	ld	a,(hl)
   03F7 F5                 1314 	push	af
   03F8 33                 1315 	inc	sp
                           1316 ;	genIpush
   03F9 78                 1317 	ld	a,b
   03FA F5                 1318 	push	af
   03FB 33                 1319 	inc	sp
                           1320 ;	genCall
   03FC CD 00 00           1321 	call	_scroll_sprite
   03FF E8 03              1322 	lda	sp,3(sp)
   0401 E1                 1323 	pop	hl
   0402 4D                 1324 	ld	c,l
                           1325 ;	main.c 71
                           1326 ;	genPlus
                           1327 ;	genPlusIncr
                           1328 ; Removed redundent load
   0403 0C                 1329 	inc	c
                           1330 ;	genGoto
   0404 C3 D9 03           1331 	jp	00101$
                           1332 ;	genLabel
   0407                    1333 00105$:
                           1334 ;	genEndFunction
   0407 E8 02              1335 	lda	sp,2(sp)
   0409 C9                 1336 	ret
   040A                    1337 ___pipe_scroll_end:
                           1338 ;	main.c 77
                           1339 ;	genLabel
                           1340 ;	genFunction
                           1341 ;	---------------------------------
                           1342 ; Function bird_setup
                           1343 ; ---------------------------------
   040A                    1344 ___bird_setup_start:
   040A                    1345 _bird_setup:
                           1346 	
                           1347 ;	main.c 79
                           1348 ;	genLabel
   040A                    1349 00101$:
                           1350 ;	genEndFunction
                           1351 	
   040A C9                 1352 	ret
   040B                    1353 ___bird_setup_end:
                           1354 ;	main.c 81
                           1355 ;	genLabel
                           1356 ;	genFunction
                           1357 ;	---------------------------------
                           1358 ; Function bird_move
                           1359 ; ---------------------------------
   040B                    1360 ___bird_move_start:
   040B                    1361 _bird_move:
                           1362 	
                           1363 ;	main.c 83
                           1364 ;	genLabel
   040B                    1365 00101$:
                           1366 ;	genEndFunction
                           1367 	
   040B C9                 1368 	ret
   040C                    1369 ___bird_move_end:
                           1370 ;	main.c 87
                           1371 ;	genLabel
                           1372 ;	genFunction
                           1373 ;	---------------------------------
                           1374 ; Function pDelay
                           1375 ; ---------------------------------
   040C                    1376 ___pDelay_start:
   040C                    1377 _pDelay:
                           1378 	
                           1379 ;	main.c 90
                           1380 ;	genAssign
   040C 0E 00              1381 	ld	c,#0x00
                           1382 ;	genLabel
   040E                    1383 00101$:
                           1384 ;	genCmpLt
                           1385 ;	AOP_STK for 
   040E 79                 1386 	ld	a,c
   040F F8 02              1387 	lda	hl,2(sp)
   0411 96                 1388 	sub	a,(hl)
   0412 D2 1F 04           1389 	jp	nc,00105$
                           1390 ;	main.c 91
                           1391 ;	genCall
                           1392 ; _saveRegsForCall: sendSetSize: 0 deInUse: 0 bcInUse: 1 deSending: 0
   0415 C5                 1393 	push	bc
   0416 CD 00 00           1394 	call	_wait_vbl_done
   0419 E1                 1395 	pop	hl
   041A 4D                 1396 	ld	c,l
                           1397 ;	main.c 90
                           1398 ;	genPlus
                           1399 ;	genPlusIncr
                           1400 ; Removed redundent load
   041B 0C                 1401 	inc	c
                           1402 ;	genGoto
   041C C3 0E 04           1403 	jp	00101$
                           1404 ;	genLabel
   041F                    1405 00105$:
                           1406 ;	genEndFunction
                           1407 	
   041F C9                 1408 	ret
   0420                    1409 ___pDelay_end:
                           1410 ;	main.c 95
                           1411 ;	genLabel
                           1412 ;	genFunction
                           1413 ;	---------------------------------
                           1414 ; Function main
                           1415 ; ---------------------------------
   0420                    1416 ___main_start:
   0420                    1417 _main:
   0420 E8 FC              1418 	lda	sp,-4(sp)
                           1419 ;	main.c 96
                           1420 ;	genAssign
                           1421 ;	AOP_STK for _main_pipes_x_1_1
   0422 F8 03              1422 	lda	hl,3(sp)
   0424 36 80              1423 	ld	(hl),#0x80
                           1424 ;	main.c 99
                           1425 ;	genIpush
                           1426 ; _saveRegsForCall: sendSetSize: 0 deInUse: 0 bcInUse: 0 deSending: 0
   0426 21 00 00           1427 	ld	hl,#_Sprites
   0429 E5                 1428 	push	hl
                           1429 ;	genIpush
   042A 21 00 1A           1430 	ld	hl,#0x1A00
   042D E5                 1431 	push	hl
                           1432 ;	genCall
   042E CD 00 00           1433 	call	_set_sprite_data
   0431 E8 04              1434 	lda	sp,4(sp)
                           1435 ;	main.c 100
                           1436 ;	genCall
                           1437 ; _saveRegsForCall: sendSetSize: 0 deInUse: 0 bcInUse: 0 deSending: 0
   0433 CD 00 00           1438 	call	_pipe_setup
                           1439 ;	main.c 101
                           1440 ;	genIpush
                           1441 ; _saveRegsForCall: sendSetSize: 0 deInUse: 0 bcInUse: 0 deSending: 0
   0436 21 80 60           1442 	ld	hl,#0x6080
   0439 E5                 1443 	push	hl
                           1444 ;	genCall
   043A CD CA 00           1445 	call	_pipe_move
   043D E8 02              1446 	lda	sp,2(sp)
                           1447 ;	main.c 103
                           1448 ;	genAssign
   043F 06 40              1449 	ld	b,#0x40
   0441 0E FF              1450 	ld	c,#0xFF
                           1451 ;	genAssign
                           1452 ;	AOP_STK for _main_sloc0_1_0
   0443 F8 01              1453 	lda	hl,1(sp)
   0445 36 40              1454 	ld	(hl),#0x40
   0447 23                 1455 	inc	hl
   0448 36 FF              1456 	ld	(hl),#0xFF
                           1457 ;	genPointerGet
                           1458 ;	AOP_STK for _main_sloc0_1_0
                           1459 ;	AOP_STK for _main_sloc1_1_0
   044A 2B                 1460 	dec	hl
   044B 5E                 1461 	ld	e,(hl)
   044C 23                 1462 	inc	hl
   044D 56                 1463 	ld	d,(hl)
   044E 1A                 1464 	ld	a,(de)
   044F 2B                 1465 	dec	hl
   0450 2B                 1466 	dec	hl
                           1467 ;	genOr
                           1468 ;	AOP_STK for _main_sloc1_1_0
   0451 77                 1469 	ld      (hl),a
                           1470 ; Removed redundent load
   0452 F6 02              1471 	or	a,#0x02
                           1472 ;	genAssign (pointer)
   0454 58                 1473 	ld	e,b
   0455 51                 1474 	ld	d,c
   0456 12                 1475 	ld	(de),a
                           1476 ;	main.c 106
                           1477 ;	genLabel
   0457                    1478 00105$:
                           1479 ;	main.c 107
                           1480 ;	genCmpEq
                           1481 ;	AOP_STK for _main_pipes_x_1_1
                           1482 ; genCmpEq: left 1, right 1, result 0
   0457 F8 03              1483 	lda	hl,3(sp)
   0459 7E                 1484 	ld	a,(hl)
   045A FE F0              1485 	cp	a,#0xF0
   045C C2 97 04           1486 	jp	nz,00102$
   045F 18 03              1487 	jr	00112$
   0461                    1488 00111$:
   0461 C3 97 04           1489 	jp	00102$
   0464                    1490 00112$:
                           1491 ;	main.c 108
                           1492 ;	genAssign
                           1493 ;	AOP_STK for _main_pipes_x_1_1
   0464 F8 03              1494 	lda	hl,3(sp)
   0466 36 A0              1495 	ld	(hl),#0xA0
                           1496 ;	main.c 110
                           1497 ;	genCall
                           1498 ; _saveRegsForCall: sendSetSize: 0 deInUse: 0 bcInUse: 0 deSending: 0
   0468 CD 00 00           1499 	call	_rand
   046B 4B                 1500 	ld	c,e
                           1501 ;	genAnd
   046C 79                 1502 	ld	a,c
   046D E6 09              1503 	and	a,#0x09
   046F 4F                 1504 	ld	c,a
                           1505 ;	genPlus
                           1506 ;	genPlusIncr
                           1507 ; Removed redundent load
   0470 0C                 1508 	inc	c
                           1509 ;	genCast
                           1510 ; Removed redundent load
   0471 79                 1511 	ld	a,c
   0472 17                 1512 	rla	
   0473 9F                 1513 	sbc	a,a
   0474 47                 1514 	ld	b,a
                           1515 ;	genLeftShift
   0475 3E 04              1516 	ld	a,#0x03+1
   0477 18 04              1517 	jr	00114$
   0479                    1518 00113$:
   0479 CB 21              1519 	sla	c
   047B CB 10              1520 	rl	b
   047D                    1521 00114$:
   047D 3D                 1522 	dec	a
   047E 20 F9              1523 	jr	nz,00113$
                           1524 ;	genPlus
                           1525 ;	genPlusIncr
                           1526 ;	Can't optimise plus by inc, falling back to the normal way
   0480 79                 1527 	ld	a,c
   0481 C6 40              1528 	add	a,#0x40
   0483 4F                 1529 	ld	c,a
   0484 78                 1530 	ld	a,b
   0485 CE 00              1531 	adc	a,#0x00
   0487 47                 1532 	ld	b,a
                           1533 ;	genCast
                           1534 ; Removed redundent load
                           1535 ;	genIpush
                           1536 ; _saveRegsForCall: sendSetSize: 0 deInUse: 0 bcInUse: 0 deSending: 0
   0488 79                 1537 	ld	a,c
   0489 F5                 1538 	push	af
   048A 33                 1539 	inc	sp
                           1540 ;	genIpush
   048B 3E A0              1541 	ld	a,#0xA0
   048D F5                 1542 	push	af
   048E 33                 1543 	inc	sp
                           1544 ;	genCall
   048F CD CA 00           1545 	call	_pipe_move
   0492 E8 02              1546 	lda	sp,2(sp)
                           1547 ;	genGoto
   0494 C3 A3 04           1548 	jp	00103$
                           1549 ;	genLabel
   0497                    1550 00102$:
                           1551 ;	main.c 112
                           1552 ;	genMinus
                           1553 ;	AOP_STK for _main_pipes_x_1_1
   0497 F8 03              1554 	lda	hl,3(sp)
   0499 35                 1555 	dec	(hl)
                           1556 ;	main.c 113
                           1557 ;	genIpush
                           1558 ; _saveRegsForCall: sendSetSize: 0 deInUse: 0 bcInUse: 0 deSending: 0
   049A 21 FF 00           1559 	ld	hl,#0x00FF
   049D E5                 1560 	push	hl
                           1561 ;	genCall
   049E CD D5 03           1562 	call	_pipe_scroll
   04A1 E8 02              1563 	lda	sp,2(sp)
                           1564 ;	genLabel
   04A3                    1565 00103$:
                           1566 ;	main.c 115
                           1567 ;	genCall
                           1568 ; _saveRegsForCall: sendSetSize: 0 deInUse: 0 bcInUse: 0 deSending: 0
   04A3 CD 00 00           1569 	call	_wait_vbl_done
                           1570 ;	genGoto
   04A6 C3 57 04           1571 	jp	00105$
                           1572 ;	genLabel
   04A9                    1573 00107$:
                           1574 ;	genEndFunction
   04A9 E8 04              1575 	lda	sp,4(sp)
   04AB C9                 1576 	ret
   04AC                    1577 ___main_end:
                           1578 	.area _CODE
ASxxxx Assembler V01.75  (GameBoy Z80-like CPU), page 1.

Symbol Table

  1 _Sprites                           0000 GR
  0 ___bird_move_end                   040C R
  0 ___bird_move_start                 040B R
  0 ___bird_setup_end                  040B R
  0 ___bird_setup_start                040A R
  0 ___main_end                        04AC R
  0 ___main_start                      0420 R
  0 ___pDelay_end                      0420 R
  0 ___pDelay_start                    040C R
  0 ___pipe_move_end                   03D5 R
  0 ___pipe_move_start                 00CA R
  0 ___pipe_scroll_end                 040A R
  0 ___pipe_scroll_start               03D5 R
  0 ___pipe_setup_end                  00CA R
  0 ___pipe_setup_start                0000 R
    __initrleblock                     **** GX
    __moduchar_rrx_s                   **** GX
  0 _bird_move                         040B GR
  0 _bird_setup                        040A GR
  1 _bird_sprites                      01BA GR
  0 _main                              0420 GR
    _move_sprite                       **** GX
  0 _pDelay                            040C GR
  0 _pipe_move                         00CA GR
  0 _pipe_scroll                       03D5 GR
  0 _pipe_setup                        0000 GR
  1 _pipe_sprites                      01A0 GR
    _rand                              **** GX
    _scroll_sprite                     **** GX
    _set_sprite_data                   **** GX
    _set_sprite_prop                   **** GX
    _set_sprite_tile                   **** GX
    _wait_vbl_done                     **** GX

ASxxxx Assembler V01.75  (GameBoy Z80-like CPU), page 2.

Area Table

   0 _CODE                              size  4AC   flags 0
   1 _DATA                              size  1C6   flags 0
   2 _OVERLAY                           size    0   flags 0
   3 _ISEG                              size    0   flags 0
   4 _BSEG                              size    0   flags 0
   5 _XSEG                              size    0   flags 0
   6 _GSINIT                            size  1A1   flags 0
   7 _GSFINAL                           size    0   flags 0
   8 _HOME                              size    0   flags 0
