AREA .  .ABS.
	RADIX HEX
	BASE 0000
	SIZE 0000
	ATTRIB ABS OVR
	GLOBALS
		l__HEAP	0000
		l__BSEG	0000
		l_.  .ABS.	0000
		l__GSFINAL	0000
		l__ISEG	0000
		s_.  .ABS.	0000
		s__HEADER	0000
		l__XSEG	0000
		.init	0000
		l__OVERLAY	0000
		l__LIT	0000
		l__GSINITTAIL	0001
		l__BSS	005E
		l__BASE	0191
		l__GSINIT	01A1
		l__DATA	01BA
		l__HOME	01D3
		l__HEADER	01E1
		s__CODE	0200
		l__CODE	10B4
		s__HOME	12B4
		s__BASE	1487
		s__LIT	1618
		s__GSINIT	1618
		s__GSINITTAIL	17B9
		s__GSFINAL	17BA
		.OAM	C000
		s__DATA	C0A0
		s__BSS	C25A
		s__HEAP	C2B8
		s__BSEG	C2B8
		s__ISEG	C2B8
		s__XSEG	C2B8
		s__OVERLAY	C2B8
		.STACK	E000
		.refresh_OAM	FF80
AREA _CODE
	RADIX HEX
	BASE 0200
	SIZE 10B4
	ATTRIB REL CON
	GLOBALS
		_pipe_setup	0200
		_bkg_data	02CA
		_bkg_map	0B1A
		_pipe_move	0C82
		_pipe_scroll	0F8D
		_bird_setup	0FC2
		_bird_state	0FF7
		_bird_scroll	1084
		_pDelay	10A9
		_main	10BD
		_rand	1187
		_randw	1187
		__divschar_rrx_s	11B2
		__divschar_rrx_hds	11B9
		__modschar_rrx_s	11C0
		__modschar_rrx_hds	11C7
		__divsint_rrx_s	11CC
		__divsint_rrx_hds	11D8
		__modsint_rrx_s	11E0
		__modsint_rrx_hds	11EC
		__divuchar_rrx_s	11F2
		__divuchar_rrx_hds	11F9
		__moduchar_rrx_s	1200
		__moduchar_rrx_hds	1207
		__divuint_rrx_s	120C
		__divuint_rrx_hds	1218
		__moduint_rrx_s	1220
		__moduint_rrx_hds	122C
		.mod8	1232
		.div8	1232
		.mod16	123A
		.div16	123A
		.modu8	1274
		.divu8	1274
		.modu16	1277
		.divu16	1277
AREA _HEADER
	RADIX HEX
	BASE 0000
	SIZE 01E1
	ATTRIB ABS OVR
	GLOBALS
		_exit	01D2
AREA _HOME
	RADIX HEX
	BASE 12B4
	SIZE 01D3
	ATTRIB REL CON
	GLOBALS
		.set_mode	12B4
		.remove_VBL	12C4
		.remove_LCD	12CA
		.remove_TIM	12D0
		.remove_SIO	12D6
		.remove_JOY	12DC
		.add_VBL	12E2
		.add_LCD	12E8
		.add_TIM	12EE
		.add_SIO	12F4
		.add_JOY	12FA
		.remove_int	1300
		.add_int	1320
		.wait_vbl_done	133C
		_wait_vbl_done	133C
		_display_off	1353
		.display_off	1353
		.serial_IO	1374
		_mode	13A3
		_get_mode	13AC
		_enable_interrupts	13B1
		_disable_interrupts	13B3
		_reset	13B5
		.reset	13B5
		_set_interrupts	13BB
		_remove_VBL	13C6
		_remove_LCD	13D1
		_remove_TIM	13DC
		_remove_SIO	13E7
		_remove_JOY	13F2
		_add_VBL	13FD
		_add_LCD	1408
		_add_TIM	1413
		_add_SIO	141E
		_add_JOY	1429
		_clock	1434
		__printTStates	143D
		banked_call	143E
		banked_ret	1457
		__initrleblock	1460
AREA _BASE
	RADIX HEX
	BASE 1487
	SIZE 0191
	ATTRIB REL CON
	GLOBALS
		.set_sprite_prop	1487
		_set_sprite_prop	1494
		_initrand	149F
		.initrand	14A1
		.mv_sprite	14AA
		_move_sprite	14B9
		_set_win_data	14C6
		_set_bkg_data	14C6
		_set_sprite_data	1513
		.scroll_sprite	1542
		_scroll_sprite	1553
		.set_sprite_tile	1560
		_set_sprite_tile	156D
		.copy_vram	1578
		_get_data	1587
		_set_data	1587
		_set_bkg_tiles	159A
		.set_xy_wtt	15AE
		.set_xy_btt	15BF
		.set_xy_tt	15CE
		_set_tiles	15FF
AREA _LIT
	RADIX HEX
	BASE 1618
	SIZE 0000
	ATTRIB REL CON
AREA _GSINIT
	RADIX HEX
	BASE 1618
	SIZE 01A1
	ATTRIB REL CON
	GLOBALS
		gsinit	1618
AREA _GSINITTAIL
	RADIX HEX
	BASE 17B9
	SIZE 0001
	ATTRIB REL CON
AREA _GSFINAL
	RADIX HEX
	BASE 17BA
	SIZE 0000
	ATTRIB REL CON
AREA _DATA
	RADIX HEX
	BASE C0A0
	SIZE 01BA
	ATTRIB REL CON
	GLOBALS
		_Sprites	C0A0
		_pipe_sprites	C240
AREA _BSS
	RADIX HEX
	BASE C25A
	SIZE 005E
	ATTRIB REL CON
	GLOBALS
		__cpu	C25A
		.mode	C25B
		__io_out	C25C
		__io_in	C25D
		__io_status	C25E
		.vbl_done	C25F
		__current_bank	C260
		_sys_time	C261
		.sys_time	C261
		.int_0x40	C263
		.int_0x48	C273
		.int_0x50	C283
		.int_0x58	C293
		.int_0x60	C2A3
		.randhi	C2B3
		.randlo	C2B4
AREA _HEAP
	RADIX HEX
	BASE C2B8
	SIZE 0000
	ATTRIB REL CON
	GLOBALS
		_malloc_heap_start	C2B8
AREA _OVERLAY
	RADIX HEX
	BASE C2B8
	SIZE 0000
	ATTRIB REL CON
AREA _ISEG
	RADIX HEX
	BASE C2B8
	SIZE 0000
	ATTRIB REL CON
AREA _BSEG
	RADIX HEX
	BASE C2B8
	SIZE 0000
	ATTRIB REL CON
AREA _XSEG
	RADIX HEX
	BASE C2B8
	SIZE 0000
	ATTRIB REL CON
MODULES
	FILE /opt/gbdk/lib/small/asxxxx/gb/crt0.o
		NAME Runtime
	FILE main.o
		NAME lcc557670
LIBRARIES
	LIBRARY /opt/gbdk/lib/small/asxxxx/gbz80/gbz80.lib
		MODULE crt0_rle.o
	LIBRARY /opt/gbdk/lib/small/asxxxx/gb/gb.lib
		MODULE set_prop.o
	LIBRARY /opt/gbdk/lib/small/asxxxx/gb/gb.lib
		MODULE rand.o
	LIBRARY /opt/gbdk/lib/small/asxxxx/gb/gb.lib
		MODULE mv_spr.o
	LIBRARY /opt/gbdk/lib/small/asxxxx/gb/gb.lib
		MODULE set_data.o
	LIBRARY /opt/gbdk/lib/small/asxxxx/gbz80/gbz80.lib
		MODULE div.o
	LIBRARY /opt/gbdk/lib/small/asxxxx/gb/gb.lib
		MODULE scroll_s.o
	LIBRARY /opt/gbdk/lib/small/asxxxx/gb/gb.lib
		MODULE set_spr.o
	LIBRARY /opt/gbdk/lib/small/asxxxx/gb/gb.lib
		MODULE cpy_data.o
	LIBRARY /opt/gbdk/lib/small/asxxxx/gb/gb.lib
		MODULE set_bk_t.o
	LIBRARY /opt/gbdk/lib/small/asxxxx/gb/gb.lib
		MODULE set_xy_t.o
USERBASEDEF
	_CODE=0x0200
	_DATA=0xC0A0
	_CODE_1=0x4000
USERGLOBALDEF
	.OAM=0xC000
	.STACK=0xE000
	.refresh_OAM=0xFF80
	.init=0x0000
